Component: ARM Compiler 5.06 update 6 (build 750) Tool: armlink [4d35ed]

==============================================================================

Section Cross References

    main.o(i.main) refers to delay.o(i.delay_init) for delay_init
    main.o(i.main) refers to delay.o(i.delay_ms) for delay_ms
    main.o(i.main) refers to misc.o(i.NVIC_PriorityGroupConfig) for NVIC_PriorityGroupConfig
    main.o(i.main) refers to lcd.o(i.LCD_Init) for LCD_Init
    main.o(i.main) refers to rtc.o(i.RTC_Init) for RTC_Init
    main.o(i.main) refers to 2048.o(i.g2048_Init) for g2048_Init
    main.o(i.main) refers to rt_memcpy_w.o(.text) for __aeabi_memcpy4
    main.o(i.main) refers to 2048.o(i.g2048_Point_Refresh) for g2048_Point_Refresh
    main.o(i.main) refers to 2048.o(i.g2048_Get_Direction) for g2048_Get_Direction
    main.o(i.main) refers to 2048.o(i.g2048_Game) for g2048_Game
    main.o(i.main) refers to 2048.o(i.g2048_Refresh) for g2048_Refresh
    main.o(i.main) refers to 2048.o(i.g2048_Creat_And_Lcd_Refresh) for g2048_Creat_And_Lcd_Refresh
    main.o(i.main) refers to 2048.o(.bss) for box
    system_stm32f10x.o(i.SetSysClock) refers to system_stm32f10x.o(i.SetSysClockTo72) for SetSysClockTo72
    system_stm32f10x.o(i.SystemCoreClockUpdate) refers to system_stm32f10x.o(.data) for SystemCoreClock
    system_stm32f10x.o(i.SystemInit) refers to system_stm32f10x.o(i.SetSysClock) for SetSysClock
    delay.o(i.delay_init) refers to misc.o(i.SysTick_CLKSourceConfig) for SysTick_CLKSourceConfig
    delay.o(i.delay_init) refers to system_stm32f10x.o(.data) for SystemCoreClock
    delay.o(i.delay_init) refers to delay.o(.data) for fac_us
    delay.o(i.delay_ms) refers to delay.o(.data) for fac_ms
    delay.o(i.delay_us) refers to delay.o(.data) for fac_us
    basic.o(i.Gpio_Init) refers to stm32f10x_rcc.o(i.RCC_APB2PeriphClockCmd) for RCC_APB2PeriphClockCmd
    basic.o(i.Gpio_Init) refers to stm32f10x_gpio.o(i.GPIO_Init) for GPIO_Init
    basic.o(i.Gpio_Read) refers to stm32f10x_gpio.o(i.GPIO_ReadInputDataBit) for GPIO_ReadInputDataBit
    basic.o(i.Gpio_Set) refers to stm32f10x_gpio.o(i.GPIO_SetBits) for GPIO_SetBits
    basic.o(i.Gpio_Set) refers to stm32f10x_gpio.o(i.GPIO_ResetBits) for GPIO_ResetBits
    startup_stm32f10x_hd.o(STACK) refers (Special) to heapauxi.o(.text) for __use_two_region_memory
    startup_stm32f10x_hd.o(HEAP) refers (Special) to heapauxi.o(.text) for __use_two_region_memory
    startup_stm32f10x_hd.o(RESET) refers (Special) to heapauxi.o(.text) for __use_two_region_memory
    startup_stm32f10x_hd.o(RESET) refers to startup_stm32f10x_hd.o(STACK) for __initial_sp
    startup_stm32f10x_hd.o(RESET) refers to startup_stm32f10x_hd.o(.text) for Reset_Handler
    startup_stm32f10x_hd.o(RESET) refers to stm32f10x_it.o(i.NMI_Handler) for NMI_Handler
    startup_stm32f10x_hd.o(RESET) refers to stm32f10x_it.o(i.HardFault_Handler) for HardFault_Handler
    startup_stm32f10x_hd.o(RESET) refers to stm32f10x_it.o(i.MemManage_Handler) for MemManage_Handler
    startup_stm32f10x_hd.o(RESET) refers to stm32f10x_it.o(i.BusFault_Handler) for BusFault_Handler
    startup_stm32f10x_hd.o(RESET) refers to stm32f10x_it.o(i.UsageFault_Handler) for UsageFault_Handler
    startup_stm32f10x_hd.o(RESET) refers to stm32f10x_it.o(i.SVC_Handler) for SVC_Handler
    startup_stm32f10x_hd.o(RESET) refers to stm32f10x_it.o(i.DebugMon_Handler) for DebugMon_Handler
    startup_stm32f10x_hd.o(RESET) refers to stm32f10x_it.o(i.PendSV_Handler) for PendSV_Handler
    startup_stm32f10x_hd.o(RESET) refers to stm32f10x_it.o(i.SysTick_Handler) for SysTick_Handler
    startup_stm32f10x_hd.o(RESET) refers to rtc.o(i.RTC_IRQHandler) for RTC_IRQHandler
    startup_stm32f10x_hd.o(RESET) refers to exit.o(i.EXTI4_IRQHandler) for EXTI4_IRQHandler
    startup_stm32f10x_hd.o(RESET) refers to timer.o(i.TIM3_IRQHandler) for TIM3_IRQHandler
    startup_stm32f10x_hd.o(RESET) refers to uart.o(i.USART1_IRQHandler) for USART1_IRQHandler
    startup_stm32f10x_hd.o(RESET) refers to uart.o(i.USART2_IRQHandler) for USART2_IRQHandler
    startup_stm32f10x_hd.o(RESET) refers to uart.o(i.USART3_IRQHandler) for USART3_IRQHandler
    startup_stm32f10x_hd.o(RESET) refers to timer.o(i.TIM5_IRQHandler) for TIM5_IRQHandler
    startup_stm32f10x_hd.o(RESET) refers to uart.o(i.UART4_IRQHandler) for UART4_IRQHandler
    startup_stm32f10x_hd.o(RESET) refers to uart.o(i.UART5_IRQHandler) for UART5_IRQHandler
    startup_stm32f10x_hd.o(.text) refers (Special) to heapauxi.o(.text) for __use_two_region_memory
    startup_stm32f10x_hd.o(.text) refers to system_stm32f10x.o(i.SystemInit) for SystemInit
    startup_stm32f10x_hd.o(.text) refers to __main.o(!!!main) for __main
    startup_stm32f10x_hd.o(.text) refers to startup_stm32f10x_hd.o(HEAP) for Heap_Mem
    startup_stm32f10x_hd.o(.text) refers to startup_stm32f10x_hd.o(STACK) for Stack_Mem
    stm32f10x_adc.o(i.ADC_DeInit) refers to stm32f10x_rcc.o(i.RCC_APB2PeriphResetCmd) for RCC_APB2PeriphResetCmd
[...]
    ..\STM32F10x_FWLib\src\stm32f10x_can.c   0x00000000   Number         0  stm32f10x_can.o ABSOLUTE
    ..\STM32F10x_FWLib\src\stm32f10x_cec.c   0x00000000   Number         0  stm32f10x_cec.o ABSOLUTE
    ..\STM32F10x_FWLib\src\stm32f10x_crc.c   0x00000000   Number         0  stm32f10x_crc.o ABSOLUTE
    ..\STM32F10x_FWLib\src\stm32f10x_dac.c   0x00000000   Number         0  stm32f10x_dac.o ABSOLUTE
    ..\STM32F10x_FWLib\src\stm32f10x_dbgmcu.c 0x00000000   Number         0  stm32f10x_dbgmcu.o ABSOLUTE
    ..\STM32F10x_FWLib\src\stm32f10x_dma.c   0x00000000   Number         0  stm32f10x_dma.o ABSOLUTE
    ..\STM32F10x_FWLib\src\stm32f10x_exti.c  0x00000000   Number         0  stm32f10x_exti.o ABSOLUTE
    ..\STM32F10x_FWLib\src\stm32f10x_flash.c 0x00000000   Number         0  stm32f10x_flash.o ABSOLUTE
    ..\STM32F10x_FWLib\src\stm32f10x_fsmc.c  0x00000000   Number         0  stm32f10x_fsmc.o ABSOLUTE
    ..\STM32F10x_FWLib\src\stm32f10x_gpio.c  0x00000000   Number         0  stm32f10x_gpio.o ABSOLUTE
    ..\STM32F10x_FWLib\src\stm32f10x_i2c.c   0x00000000   Number         0  stm32f10x_i2c.o ABSOLUTE
    ..\STM32F10x_FWLib\src\stm32f10x_iwdg.c  0x00000000   Number         0  stm32f10x_iwdg.o ABSOLUTE
    ..\STM32F10x_FWLib\src\stm32f10x_pwr.c   0x00000000   Number         0  stm32f10x_pwr.o ABSOLUTE
    ..\STM32F10x_FWLib\src\stm32f10x_rcc.c   0x00000000   Number         0  stm32f10x_rcc.o ABSOLUTE
    ..\STM32F10x_FWLib\src\stm32f10x_rtc.c   0x00000000   Number         0  stm32f10x_rtc.o ABSOLUTE
    ..\STM32F10x_FWLib\src\stm32f10x_sdio.c  0x00000000   Number         0  stm32f10x_sdio.o ABSOLUTE
    ..\STM32F10x_FWLib\src\stm32f10x_spi.c   0x00000000   Number         0  stm32f10x_spi.o ABSOLUTE
    ..\STM32F10x_FWLib\src\stm32f10x_tim.c   0x00000000   Number         0  stm32f10x_tim.o ABSOLUTE
    ..\STM32F10x_FWLib\src\stm32f10x_usart.c 0x00000000   Number         0  stm32f10x_usart.o ABSOLUTE
    ..\STM32F10x_FWLib\src\stm32f10x_wwdg.c  0x00000000   Number         0  stm32f10x_wwdg.o ABSOLUTE
    ..\SYSTEM\basic\basic.c                  0x00000000   Number         0  basic.o ABSOLUTE
    ..\SYSTEM\calculate\calculate.c          0x00000000   Number         0  calculate.o ABSOLUTE
    ..\SYSTEM\delay\delay.c                  0x00000000   Number         0  delay.o ABSOLUTE
    ..\SYSTEM\sys\sys.c                      0x00000000   Number         0  sys.o ABSOLUTE
    ..\\CORE\\core_cm3.c                     0x00000000   Number         0  core_cm3.o ABSOLUTE
    ..\\SYSTEM\\sys\\sys.c                   0x00000000   Number         0  sys.o ABSOLUTE
    dc.s                                     0x00000000   Number         0  dc.o ABSOLUTE
    main.c                                   0x00000000   Number         0  main.o ABSOLUTE
    stm32f10x_it.c                           0x00000000   Number         0  stm32f10x_it.o ABSOLUTE
    system_stm32f10x.c                       0x00000000   Number         0  system_stm32f10x.o ABSOLUTE
    RESET                                    0x08000000   Section      304  startup_stm32f10x_hd.o(RESET)
    !!!main                                  0x08000130   Section        8  __main.o(!!!main)
    !!!scatter                               0x08000138   Section       52  __scatter.o(!!!scatter)
    !!handler_copy                           0x0800016c   Section       26  __scatter_copy.o(!!handler_copy)
    !!handler_zi                             0x08000188   Section       28  __scatter_zi.o(!!handler_zi)
    .ARM.Collect$$libinit$$00000000          0x080001a4   Section        2  libinit.o(.ARM.Collect$$libinit$$00000000)
    .ARM.Collect$$libinit$$00000002          0x080001a6   Section        0  libinit2.o(.ARM.Collect$$libinit$$00000002)
    .ARM.Collect$$libinit$$00000004          0x080001a6   Section        0  libinit2.o(.ARM.Collect$$libinit$$00000004)
    .ARM.Collect$$libinit$$0000000A          0x080001a6   Section        0  libinit2.o(.ARM.Collect$$libinit$$0000000A)
    .ARM.Collect$$libinit$$0000000C          0x080001a6   Section        0  libinit2.o(.ARM.Collect$$libinit$$0000000C)
    .ARM.Collect$$libinit$$0000000E          0x080001a6   Section        0  libinit2.o(.ARM.Collect$$libinit$$0000000E)
    .ARM.Collect$$libinit$$00000011          0x080001a6   Section        0  libinit2.o(.ARM.Collect$$libinit$$00000011)
    .ARM.Collect$$libinit$$00000013          0x080001a6   Section        0  libinit2.o(.ARM.Collect$$libinit$$00000013)
    .ARM.Collect$$libinit$$00000015          0x080001a6   Section        0  libinit2.o(.ARM.Collect$$libinit$$00000015)
    .ARM.Collect$$libinit$$00000017          0x080001a6   Section        0  libinit2.o(.ARM.Collect$$libinit$$00000017)
    .ARM.Collect$$libinit$$00000019          0x080001a6   Section        0  libinit2.o(.ARM.Collect$$libinit$$00000019)
    .ARM.Collect$$libinit$$0000001B          0x080001a6   Section        0  libinit2.o(.ARM.Collect$$libinit$$0000001B)
    .ARM.Collect$$libinit$$0000001D          0x080001a6   Section        0  libinit2.o(.ARM.Collect$$libinit$$0000001D)
    .ARM.Collect$$libinit$$0000001F          0x080001a6   Section        0  libinit2.o(.ARM.Collect$$libinit$$0000001F)
    .ARM.Collect$$libinit$$00000021          0x080001a6   Section        0  libinit2.o(.ARM.Collect$$libinit$$00000021)
    .ARM.Collect$$libinit$$00000023          0x080001a6   Section        0  libinit2.o(.ARM.Collect$$libinit$$00000023)
    .ARM.Collect$$libinit$$00000025          0x080001a6   Section        0  libinit2.o(.ARM.Collect$$libinit$$00000025)
    .ARM.Collect$$libinit$$0000002C          0x080001a6   Section        0  libinit2.o(.ARM.Collect$$libinit$$0000002C)
    .ARM.Collect$$libinit$$0000002E          0x080001a6   Section        0  libinit2.o(.ARM.Collect$$libinit$$0000002E)
    .ARM.Collect$$libinit$$00000030          0x080001a6   Section        0  libinit2.o(.ARM.Collect$$libinit$$00000030)
    .ARM.Collect$$libinit$$00000032          0x080001a6   Section        0  libinit2.o(.ARM.Collect$$libinit$$00000032)
    .ARM.Collect$$libinit$$00000033          0x080001a6   Section        2  libinit2.o(.ARM.Collect$$libinit$$00000033)
    .ARM.Collect$$libshutdown$$00000000      0x080001a8   Section        2  libshutdown.o(.ARM.Collect$$libshutdown$$00000000)
    .ARM.Collect$$libshutdown$$00000002      0x080001aa   Section        0  libshutdown2.o(.ARM.Collect$$libshutdown$$00000002)
    .ARM.Collect$$libshutdown$$00000004      0x080001aa   Section        0  libshutdown2.o(.ARM.Collect$$libshutdown$$00000004)
    .ARM.Collect$$libshutdown$$00000007      0x080001aa   Section        0  libshutdown2.o(.ARM.Collect$$libshutdown$$00000007)
    .ARM.Collect$$libshutdown$$0000000A      0x080001aa   Section        0  libshutdown2.o(.ARM.Collect$$libshutdown$$0000000A)
    .ARM.Collect$$libshutdown$$0000000C      0x080001aa   Section        0  libshutdown2.o(.ARM.Collect$$libshutdown$$0000000C)
    .ARM.Collect$$libshutdown$$0000000F      0x080001aa   Section        0  libshutdown2.o(.ARM.Collect$$libshutdown$$0000000F)
    .ARM.Collect$$libshutdown$$00000010      0x080001aa   Section        2  libshutdown2.o(.ARM.Collect$$libshutdown$$00000010)
    .ARM.Collect$$rtentry$$00000000          0x080001ac   Section        0  __rtentry.o(.ARM.Collect$$rtentry$$00000000)
    .ARM.Collect$$rtentry$$00000002          0x080001ac   Section        0  __rtentry2.o(.ARM.Collect$$rtentry$$00000002)
    .ARM.Collect$$rtentry$$00000004          0x080001ac   Section        6  __rtentry4.o(.ARM.Collect$$rtentry$$00000004)
    .ARM.Collect$$rtentry$$00000009          0x080001b2   Section        0  __rtentry2.o(.ARM.Collect$$rtentry$$00000009)
    .ARM.Collect$$rtentry$$0000000A          0x080001b2   Section        4  __rtentry2.o(.ARM.Collect$$rtentry$$0000000A)
    .ARM.Collect$$rtentry$$0000000C          0x080001b6   Section        0  __rtentry2.o(.ARM.Collect$$rtentry$$0000000C)
    .ARM.Collect$$rtentry$$0000000D          0x080001b6   Section        8  __rtentry2.o(.ARM.Collect$$rtentry$$0000000D)
    .ARM.Collect$$rtexit$$00000000           0x080001be   Section        2  rtexit.o(.ARM.Collect$$rtexit$$00000000)
    .ARM.Collect$$rtexit$$00000002           0x080001c0   Section        0  rtexit2.o(.ARM.Collect$$rtexit$$00000002)
    .ARM.Collect$$rtexit$$00000003           0x080001c0   Section        4  rtexit2.o(.ARM.Collect$$rtexit$$00000003)
    .ARM.Collect$$rtexit$$00000004           0x080001c4   Section        6  rtexit2.o(.ARM.Collect$$rtexit$$00000004)
    .text                                    0x080001cc   Section       64  startup_stm32f10x_hd.o(.text)
    .text                                    0x0800020c   Section      138  rt_memcpy_v6.o(.text)
    .text                                    0x08000296   Section      100  rt_memcpy_w.o(.text)
    .text                                    0x080002fa   Section        0  heapauxi.o(.text)
    .text                                    0x08000300   Section        0  _rserrno.o(.text)
    .text                                    0x08000318   Section        8  rt_errno_addr_intlibspace.o(.text)
    .text                                    0x08000320   Section        8  libspace.o(.text)
    .text                                    0x08000328   Section       74  sys_stackheap_outer.o(.text)
    .text                                    0x08000372   Section        0  exit.o(.text)
    .text                                    0x08000384   Section        0  sys_exit.o(.text)
    .text                                    0x08000390   Section        2  use_no_semi.o(.text)
    .text                                    0x08000392   Section        0  indicate_semi.o(.text)
    i.BKP_DeInit                             0x08000392   Section        0  stm32f10x_bkp.o(i.BKP_DeInit)
    i.BKP_ReadBackupRegister                 0x080003a4   Section        0  stm32f10x_bkp.o(i.BKP_ReadBackupRegister)
    i.BKP_WriteBackupRegister                0x080003c0   Section        0  stm32f10x_bkp.o(i.BKP_WriteBackupRegister)
    i.BusFault_Handler                       0x080003dc   Section        0  stm32f10x_it.o(i.BusFault_Handler)
    i.DebugMon_Handler                       0x080003e0   Section        0  stm32f10x_it.o(i.DebugMon_Handler)
    i.EXTI4_IRQHandler                       0x080003e4   Section        0  exit.o(i.EXTI4_IRQHandler)
    i.EXTI_ClearITPendingBit                 0x0800042c   Section        0  stm32f10x_exti.o(i.EXTI_ClearITPendingBit)
    i.FSMC_NORSRAMCmd                        0x08000438   Section        0  stm32f10x_fsmc.o(i.FSMC_NORSRAMCmd)
    i.FSMC_NORSRAMInit                       0x0800046c   Section        0  stm32f10x_fsmc.o(i.FSMC_NORSRAMInit)
    i.GPIO_Init                              0x08000552   Section        0  stm32f10x_gpio.o(i.GPIO_Init)
    i.GPIO_SetBits                           0x08000668   Section        0  stm32f10x_gpio.o(i.GPIO_SetBits)
    i.HardFault_Handler                      0x0800066c   Section        0  stm32f10x_it.o(i.HardFault_Handler)
    i.Is_Leap_Year                           0x08000670   Section        0  rtc.o(i.Is_Leap_Year)
    i.LCD_Clear                              0x080006ac   Section        0  lcd.o(i.LCD_Clear)
    i.LCD_Color_Fill                         0x080006e0   Section        0  lcd.o(i.LCD_Color_Fill)
    i.LCD_DisplayOn                          0x08000740   Section        0  lcd.o(i.LCD_DisplayOn)
    i.LCD_Fast_DrawPoint                     0x0800074c   Section        0  lcd.o(i.LCD_Fast_DrawPoint)
    i.LCD_Init                               0x0800076c   Section        0  lcd.o(i.LCD_Init)
    i.LCD_Pow                                0x08001848   Section        0  lcd.o(i.LCD_Pow)
    i.LCD_SetCursor                          0x08001860   Section        0  lcd.o(i.LCD_SetCursor)
    i.LCD_ShowChar                           0x0800189c   Section        0  lcd.o(i.LCD_ShowChar)
    i.LCD_ShowNum                            0x080019c4   Section        0  lcd.o(i.LCD_ShowNum)
    i.LCD_ShowString                         0x08001a44   Section        0  lcd.o(i.LCD_ShowString)
    i.LCD_WR_RAM                             0x08001ae8   Section        0  lcd.o(i.LCD_WR_RAM)
    i.LCD_WR_REG                             0x08001af4   Section        0  lcd.o(i.LCD_WR_REG)
    i.LCD_WriteRAM_Prepare                   0x08001b00   Section        0  lcd.o(i.LCD_WriteRAM_Prepare)
    i.LCD_WriteReg                           0x08001b14   Section        0  lcd.o(i.LCD_WriteReg)
    i.MemManage_Handler                      0x08001b28   Section        0  stm32f10x_it.o(i.MemManage_Handler)
    i.NMI_Handler                            0x08001b2c   Section        0  stm32f10x_it.o(i.NMI_Handler)
    i.NVIC_Init                              0x08001b30   Section        0  misc.o(i.NVIC_Init)
    i.NVIC_PriorityGroupConfig               0x08001ba0   Section        0  misc.o(i.NVIC_PriorityGroupConfig)
    i.PWR_BackupAccessCmd                    0x08001bb4   Section        0  stm32f10x_pwr.o(i.PWR_BackupAccessCmd)
    i.PendSV_Handler                         0x08001bc0   Section        0  stm32f10x_it.o(i.PendSV_Handler)
    i.RCC_AHBPeriphClockCmd                  0x08001bc4   Section        0  stm32f10x_rcc.o(i.RCC_AHBPeriphClockCmd)
    i.RCC_APB1PeriphClockCmd                 0x08001be4   Section        0  stm32f10x_rcc.o(i.RCC_APB1PeriphClockCmd)
    i.RCC_APB2PeriphClockCmd                 0x08001c04   Section        0  stm32f10x_rcc.o(i.RCC_APB2PeriphClockCmd)
    i.RCC_BackupResetCmd                     0x08001c24   Section        0  stm32f10x_rcc.o(i.RCC_BackupResetCmd)
    i.RCC_GetFlagStatus                      0x08001c30   Section        0  stm32f10x_rcc.o(i.RCC_GetFlagStatus)
    i.RCC_LSEConfig                          0x08001c6c   Section        0  stm32f10x_rcc.o(i.RCC_LSEConfig)
    i.RCC_RTCCLKCmd                          0x08001ca0   Section        0  stm32f10x_rcc.o(i.RCC_RTCCLKCmd)
    i.RCC_RTCCLKConfig                       0x08001cac   Section        0  stm32f10x_rcc.o(i.RCC_RTCCLKConfig)
    i.RTC_ClearITPendingBit                  0x08001cbc   Section        0  stm32f10x_rtc.o(i.RTC_ClearITPendingBit)
    i.RTC_EnterConfigMode                    0x08001ccc   Section        0  stm32f10x_rtc.o(i.RTC_EnterConfigMode)
    i.RTC_ExitConfigMode                     0x08001ce0   Section        0  stm32f10x_rtc.o(i.RTC_ExitConfigMode)
    i.RTC_Get                                0x08001cf4   Section        0  rtc.o(i.RTC_Get)
    i.RTC_GetCounter                         0x08001de4   Section        0  stm32f10x_rtc.o(i.RTC_GetCounter)
    i.RTC_GetITStatus                        0x08001df8   Section        0  stm32f10x_rtc.o(i.RTC_GetITStatus)
    i.RTC_IRQHandler                         0x08001e1c   Section        0  rtc.o(i.RTC_IRQHandler)
    i.RTC_ITConfig                           0x08001f00   Section        0  stm32f10x_rtc.o(i.RTC_ITConfig)
    i.RTC_Init                               0x08001f20   Section        0  rtc.o(i.RTC_Init)
    i.RTC_NVIC_Config                        0x080020a0   Section        0  rtc.o(i.RTC_NVIC_Config)
    RTC_NVIC_Config                          0x080020a1   Thumb Code    32  rtc.o(i.RTC_NVIC_Config)
    i.RTC_Set                                0x080020c0   Section        0  rtc.o(i.RTC_Set)
    i.RTC_SetCounter                         0x08002188   Section        0  stm32f10x_rtc.o(i.RTC_SetCounter)
    i.RTC_SetPrescaler                       0x080021a4   Section        0  stm32f10x_rtc.o(i.RTC_SetPrescaler)
    i.RTC_WaitForLastTask                    0x080021c4   Section        0  stm32f10x_rtc.o(i.RTC_WaitForLastTask)
    i.RTC_WaitForSynchro                     0x080021d8   Section        0  stm32f10x_rtc.o(i.RTC_WaitForSynchro)
    i.SVC_Handler                            0x080021fc   Section        0  stm32f10x_it.o(i.SVC_Handler)
    i.Send_Data                              0x08002200   Section        0  uart.o(i.Send_Data)
    i.Send_Num                               0x08002224   Section        0  uart.o(i.Send_Num)
    i.SetSysClock                            0x080022c4   Section        0  system_stm32f10x.o(i.SetSysClock)
    SetSysClock                              0x080022c5   Thumb Code     8  system_stm32f10x.o(i.SetSysClock)
    i.SetSysClockTo72                        0x080022cc   Section        0  system_stm32f10x.o(i.SetSysClockTo72)
    SetSysClockTo72                          0x080022cd   Thumb Code   214  system_stm32f10x.o(i.SetSysClockTo72)
    i.SysTick_CLKSourceConfig                0x080023ac   Section        0  misc.o(i.SysTick_CLKSourceConfig)
    i.SysTick_Handler                        0x080023d4   Section        0  stm32f10x_it.o(i.SysTick_Handler)
    i.SystemInit                             0x080023d8   Section        0  system_stm32f10x.o(i.SystemInit)
    i.TIM3_IRQHandler                        0x08002438   Section        0  timer.o(i.TIM3_IRQHandler)
    i.TIM5_IRQHandler                        0x080024f8   Section        0  timer.o(i.TIM5_IRQHandler)
    i.TIM_ClearITPendingBit                  0x0800253c   Section        0  stm32f10x_tim.o(i.TIM_ClearITPendingBit)
    i.TIM_GetCapture1                        0x08002542   Section        0  stm32f10x_tim.o(i.TIM_GetCapture1)
    i.TIM_GetFlagStatus                      0x08002548   Section        0  stm32f10x_tim.o(i.TIM_GetFlagStatus)
    i.TIM_GetITStatus                        0x0800255a   Section        0  stm32f10x_tim.o(i.TIM_GetITStatus)
    i.TIM_OC1PolarityConfig                  0x0800257c   Section        0  stm32f10x_tim.o(i.TIM_OC1PolarityConfig)
    i.TIM_SetCounter                         0x0800258e   Section        0  stm32f10x_tim.o(i.TIM_SetCounter)
    i.UART4_IRQHandler                       0x08002592   Section        0  uart.o(i.UART4_IRQHandler)
    i.UART5_IRQHandler                       0x08002594   Section        0  uart.o(i.UART5_IRQHandler)
    i.USART1_IRQHandler                      0x08002596   Section        0  uart.o(i.USART1_IRQHandler)
    i.USART2_IRQHandler                      0x08002598   Section        0  uart.o(i.USART2_IRQHandler)
    i.USART3_IRQHandler                      0x0800259a   Section        0  uart.o(i.USART3_IRQHandler)
    i.USART_GetFlagStatus                    0x0800259c   Section        0  stm32f10x_usart.o(i.USART_GetFlagStatus)
    i.USART_SendData                         0x080025b6   Section        0  stm32f10x_usart.o(i.USART_SendData)
    i.UsageFault_Handler                     0x080025be   Section        0  stm32f10x_it.o(i.UsageFault_Handler)
    i.__ARM_fpclassify                       0x080025c2   Section        0  fpclassify.o(i.__ARM_fpclassify)
    i.__kernel_poly                          0x080025ea   Section        0  poly.o(i.__kernel_poly)
    i.__mathlib_dbl_divzero                  0x08002694   Section        0  dunder.o(i.__mathlib_dbl_divzero)
    i.__mathlib_dbl_infnan2                  0x080026a4   Section        0  dunder.o(i.__mathlib_dbl_infnan2)
    i.__mathlib_dbl_invalid                  0x080026a8   Section        0  dunder.o(i.__mathlib_dbl_invalid)
    i.__mathlib_dbl_overflow                 0x080026b4   Section        0  dunder.o(i.__mathlib_dbl_overflow)
    i.__mathlib_dbl_underflow                0x080026c4   Section        0  dunder.o(i.__mathlib_dbl_underflow)
    i.delay_init                             0x080026d4   Section        0  delay.o(i.delay_init)
    i.delay_ms                               0x08002718   Section        0  delay.o(i.delay_ms)
    i.delay_us                               0x08002764   Section        0  delay.o(i.delay_us)
    i.g2048_Creat_And_Lcd_Refresh            0x080027b0   Section        0  2048.o(i.g2048_Creat_And_Lcd_Refresh)
    i.g2048_Game                             0x08002830   Section        0  2048.o(i.g2048_Game)
    i.g2048_Get_Direction                    0x08002d78   Section        0  2048.o(i.g2048_Get_Direction)
    i.g2048_Get_Empty_Point                  0x08003094   Section        0  2048.o(i.g2048_Get_Empty_Point)
    i.g2048_Get_Monotony_Point               0x080030fc   Section        0  2048.o(i.g2048_Get_Monotony_Point)
    i.g2048_Get_Point                        0x080031dc   Section        0  2048.o(i.g2048_Get_Point)
    i.g2048_Init                             0x08003698   Section        0  2048.o(i.g2048_Init)
    i.g2048_Lcd_Refresh                      0x080037d4   Section        0  2048.o(i.g2048_Lcd_Refresh)
    i.g2048_Only_Get_Point                   0x08003db0   Section        0  2048.o(i.g2048_Only_Get_Point)
    i.g2048_Point_Game                       0x08003e34   Section        0  2048.o(i.g2048_Point_Game)
    i.g2048_Point_Refresh                    0x08004208   Section        0  2048.o(i.g2048_Point_Refresh)
    i.g2048_Refresh                          0x080043ac   Section        0  2048.o(i.g2048_Refresh)
    i.g2048_ShowChar                         0x08004548   Section        0  lcd.o(i.g2048_ShowChar)
    i.main                                   0x08004664   Section        0  main.o(i.main)
    i.pow                                    0x080046f4   Section        0  pow.o(i.pow)
    i.sqrt                                   0x080050cc   Section        0  sqrt.o(i.sqrt)
    x$fpl$d2f                                0x08005118   Section       98  d2f.o(x$fpl$d2f)
    x$fpl$dadd                               0x0800517c   Section      336  daddsub_clz.o(x$fpl$dadd)
    _dadd1                                   0x0800518d   Thumb Code     0  daddsub_clz.o(x$fpl$dadd)
    x$fpl$dcheck1                            0x080052cc   Section       16  dcheck1.o(x$fpl$dcheck1)
    x$fpl$dcmpinf                            0x080052dc   Section       24  dcmpi.o(x$fpl$dcmpinf)
    x$fpl$ddiv                               0x080052f4   Section      688  ddiv.o(x$fpl$ddiv)
    ddiv_entry                               0x080052fb   Thumb Code     0  ddiv.o(x$fpl$ddiv)
    x$fpl$dfixu                              0x080055a4   Section       90  dfixu.o(x$fpl$dfixu)
    x$fpl$dflt                               0x080055fe   Section       46  dflt_clz.o(x$fpl$dflt)
    x$fpl$dfltu                              0x0800562c   Section       38  dflt_clz.o(x$fpl$dfltu)
    x$fpl$dleqf                              0x08005654   Section      120  dleqf.o(x$fpl$dleqf)
    x$fpl$dmul                               0x080056cc   Section      340  dmul.o(x$fpl$dmul)
    x$fpl$dnaninf                            0x08005820   Section      156  dnaninf.o(x$fpl$dnaninf)
    x$fpl$dretinf                            0x080058bc   Section       12  dretinf.o(x$fpl$dretinf)
    x$fpl$drleqf                             0x080058c8   Section      108  drleqf.o(x$fpl$drleqf)
    x$fpl$drsb                               0x08005934   Section       22  daddsub_clz.o(x$fpl$drsb)
    x$fpl$dsqrt                              0x0800594c   Section      460  dsqrt_noumaal.o(x$fpl$dsqrt)
    x$fpl$dsub                               0x08005b18   Section      468  daddsub_clz.o(x$fpl$dsub)
    _dsub1                                   0x08005b29   Thumb Code     0  daddsub_clz.o(x$fpl$dsub)
    x$fpl$f2d                                0x08005cec   Section       86  f2d.o(x$fpl$f2d)
    x$fpl$fadd                               0x08005d44   Section      196  faddsub_clz.o(x$fpl$fadd)
    _fadd1                                   0x08005d53   Thumb Code     0  faddsub_clz.o(x$fpl$fadd)
    x$fpl$fcmpinf                            0x08005e08   Section       24  fcmpi.o(x$fpl$fcmpinf)
    x$fpl$fflt                               0x08005e20   Section       48  fflt_clz.o(x$fpl$fflt)
    x$fpl$ffltu                              0x08005e50   Section       38  fflt_clz.o(x$fpl$ffltu)
    x$fpl$fleqf                              0x08005e78   Section      104  fleqf.o(x$fpl$fleqf)
    x$fpl$fmul                               0x08005ee0   Section      258  fmul.o(x$fpl$fmul)
    x$fpl$fnaninf                            0x08005fe2   Section      140  fnaninf.o(x$fpl$fnaninf)
    x$fpl$fretinf                            0x0800606e   Section       10  fretinf.o(x$fpl$fretinf)
    x$fpl$frleqf                             0x08006078   Section       98  frleqf.o(x$fpl$frleqf)
    x$fpl$fsub                               0x080060dc   Section      234  faddsub_clz.o(x$fpl$fsub)
    _fsub1                                   0x080060eb   Thumb Code     0  faddsub_clz.o(x$fpl$fsub)
    x$fpl$retnan                             0x080061c6   Section      100  retnan.o(x$fpl$retnan)
    x$fpl$scalbn                             0x0800622a   Section       92  scalbn.o(x$fpl$scalbn)
    x$fpl$trapveneer                         0x08006286   Section       48  trapv.o(x$fpl$trapveneer)
    .constdata                               0x080062b6   Section     6080  lcd.o(.constdata)
    x$fpl$usenofp                            0x080062b6   Section        0  usenofp.o(x$fpl$usenofp)
    .constdata                               0x08007a76   Section       12  rtc.o(.constdata)
    .constdata                               0x08007a88   Section      136  pow.o(.constdata)
    bp                                       0x08007a88   Data          16  pow.o(.constdata)
    dp_h                                     0x08007a98   Data          16  pow.o(.constdata)
    dp_l                                     0x08007aa8   Data          16  pow.o(.constdata)
    L                                        0x08007ab8   Data          48  pow.o(.constdata)
    P                                        0x08007ae8   Data          40  pow.o(.constdata)
    .constdata                               0x08007b10   Section        8  qnan.o(.constdata)
    .data                                    0x20000000   Section       20  system_stm32f10x.o(.data)
    .data                                    0x20000014   Section        4  delay.o(.data)
    fac_us                                   0x20000014   Data           1  delay.o(.data)
    fac_ms                                   0x20000016   Data           2  delay.o(.data)
    .data                                    0x20000018   Section        4  lcd.o(.data)
    .data                                    0x2000001c   Section       12  timer.o(.data)
    .data                                    0x20000028   Section        2  rtc.o(.data)
    daycnt                                   0x20000028   Data           2  rtc.o(.data)
    .bss                                     0x2000002c   Section       10  main.o(.bss)
    .bss                                     0x20000036   Section      266  2048.o(.bss)
    .bss                                     0x20000140   Section       12  lcd.o(.bss)
    .bss                                     0x2000014c   Section       96  libspace.o(.bss)
    HEAP                                     0x200001b0   Section      512  startup_stm32f10x_hd.o(HEAP)
    Heap_Mem                                 0x200001b0   Data         512  startup_stm32f10x_hd.o(HEAP)
    STACK                                    0x200003b0   Section     1024  startup_stm32f10x_hd.o(STACK)
    Stack_Mem                                0x200003b0   Data        1024  startup_stm32f10x_hd.o(STACK)
    __initial_sp                             0x200007b0   Data           0  startup_stm32f10x_hd.o(STACK)

    Global Symbols

    Symbol Name                              Value     Ov Type        Size  Object(Section)

    BuildAttributes$$THM_ISAv4$P$D$K$B$S$PE$A:L22UL41UL21$X:L11$S22US41US21$IEEE1$IW$USESV6$~STKCKD$USESV7$~SHL$OTIME$ROPI$IEEEX$EBA8$UX$STANDARDLIB$REQ8$PRES8$EABIv2 0x00000000   Number         0  anon$$obj.o ABSOLUTE
    __ARM_use_no_argv                        0x00000000   Number         0  main.o ABSOLUTE
    __ARM_exceptions_init                     - Undefined Weak Reference
    __alloca_initialize                       - Undefined Weak Reference
    __arm_preinit_                            - Undefined Weak Reference
    __cpp_initialize__aeabi_                  - Undefined Weak Reference
    __cxa_finalize                            - Undefined Weak Reference
    __rt_locale                               - Undefined Weak Reference
    __sigvec_lookup                           - Undefined Weak Reference
    _atexit_init                              - Undefined Weak Reference
    _call_atexit_fns                          - Undefined Weak Reference
    _clock_init                               - Undefined Weak Reference
    _fp_trap_init                             - Undefined Weak Reference
    _fp_trap_shutdown                         - Undefined Weak Reference
    _get_lc_collate                           - Undefined Weak Reference
    _get_lc_ctype                             - Undefined Weak Reference
    _get_lc_monetary                          - Undefined Weak Reference
    _get_lc_numeric                           - Undefined Weak Reference
    _get_lc_time                              - Undefined Weak Reference
    _getenv_init                              - Undefined Weak Reference
    _handle_redirection                       - Undefined Weak Reference
    _init_alloc                               - Undefined Weak Reference
    _init_user_alloc                          - Undefined Weak Reference
    _initio                                   - Undefined Weak Reference
    _rand_init                                - Undefined Weak Reference
    _signal_finish                            - Undefined Weak Reference
    _signal_init                              - Undefined Weak Reference
    _terminate_alloc                          - Undefined Weak Reference
    _terminate_user_alloc                     - Undefined Weak Reference
    _terminateio                              - Undefined Weak Reference
    __Vectors_Size                           0x00000130   Number         0  startup_stm32f10x_hd.o ABSOLUTE
    __Vectors                                0x08000000   Data           4  startup_stm32f10x_hd.o(RESET)
    __Vectors_End                            0x08000130   Data           0  startup_stm32f10x_hd.o(RESET)
    __main                                   0x08000131   Thumb Code     8  __main.o(!!!main)
    __scatterload                            0x08000139   Thumb Code     0  __scatter.o(!!!scatter)
    __scatterload_rt2                        0x08000139   Thumb Code    44  __scatter.o(!!!scatter)
    __scatterload_rt2_thumb_only             0x08000139   Thumb Code     0  __scatter.o(!!!scatter)
    __scatterload_null                       0x08000147   Thumb Code     0  __scatter.o(!!!scatter)
    __scatterload_copy                       0x0800016d   Thumb Code    26  __scatter_copy.o(!!handler_copy)
    __scatterload_zeroinit                   0x08000189   Thumb Code    28  __scatter_zi.o(!!handler_zi)
    __rt_lib_init                            0x080001a5   Thumb Code     0  libinit.o(.ARM.Collect$$libinit$$00000000)
    __rt_lib_init_alloca_1                   0x080001a7   Thumb Code     0  libinit2.o(.ARM.Collect$$libinit$$0000002E)
    __rt_lib_init_argv_1                     0x080001a7   Thumb Code     0  libinit2.o(.ARM.Collect$$libinit$$0000002C)
    __rt_lib_init_atexit_1                   0x080001a7   Thumb Code     0  libinit2.o(.ARM.Collect$$libinit$$0000001B)
    __rt_lib_init_clock_1                    0x080001a7   Thumb Code     0  libinit2.o(.ARM.Collect$$libinit$$00000021)
    __rt_lib_init_cpp_1                      0x080001a7   Thumb Code     0  libinit2.o(.ARM.Collect$$libinit$$00000032)
    __rt_lib_init_exceptions_1               0x080001a7   Thumb Code     0  libinit2.o(.ARM.Collect$$libinit$$00000030)
    __rt_lib_init_fp_1                       0x080001a7   Thumb Code     0  libinit2.o(.ARM.Collect$$libinit$$00000002)
    __rt_lib_init_fp_trap_1                  0x080001a7   Thumb Code     0  libinit2.o(.ARM.Collect$$libinit$$0000001F)
    __rt_lib_init_getenv_1                   0x080001a7   Thumb Code     0  libinit2.o(.ARM.Collect$$libinit$$00000023)
    __rt_lib_init_heap_1                     0x080001a7   Thumb Code     0  libinit2.o(.ARM.Collect$$libinit$$0000000A)
    __rt_lib_init_lc_collate_1               0x080001a7   Thumb Code     0  libinit2.o(.ARM.Collect$$libinit$$00000011)
    __rt_lib_init_lc_ctype_1                 0x080001a7   Thumb Code     0  libinit2.o(.ARM.Collect$$libinit$$00000013)
    __rt_lib_init_lc_monetary_1              0x080001a7   Thumb Code     0  libinit2.o(.ARM.Collect$$libinit$$00000015)
    __rt_lib_init_lc_numeric_1               0x080001a7   Thumb Code     0  libinit2.o(.ARM.Collect$$libinit$$00000017)
    __rt_lib_init_lc_time_1                  0x080001a7   Thumb Code     0  libinit2.o(.ARM.Collect$$libinit$$00000019)
    __rt_lib_init_preinit_1                  0x080001a7   Thumb Code     0  libinit2.o(.ARM.Collect$$libinit$$00000004)
    __rt_lib_init_rand_1                     0x080001a7   Thumb Code     0  libinit2.o(.ARM.Collect$$libinit$$0000000E)
    __rt_lib_init_return                     0x080001a7   Thumb Code     0  libinit2.o(.ARM.Collect$$libinit$$00000033)
    __rt_lib_init_signal_1                   0x080001a7   Thumb Code     0  libinit2.o(.ARM.Collect$$libinit$$0000001D)
    __rt_lib_init_stdio_1                    0x080001a7   Thumb Code     0  libinit2.o(.ARM.Collect$$libinit$$00000025)
    __rt_lib_init_user_alloc_1               0x080001a7   Thumb Code     0  libinit2.o(.ARM.Collect$$libinit$$0000000C)
    __rt_lib_shutdown                        0x080001a9   Thumb Code     0  libshutdown.o(.ARM.Collect$$libshutdown$$00000000)
    __rt_lib_shutdown_cpp_1                  0x080001ab   Thumb Code     0  libshutdown2.o(.ARM.Collect$$libshutdown$$00000002)
    __rt_lib_shutdown_fp_trap_1              0x080001ab   Thumb Code     0  libshutdown2.o(.ARM.Collect$$libshutdown$$00000007)
    __rt_lib_shutdown_heap_1                 0x080001ab   Thumb Code     0  libshutdown2.o(.ARM.Collect$$libshutdown$$0000000F)
    __rt_lib_shutdown_return                 0x080001ab   Thumb Code     0  libshutdown2.o(.ARM.Collect$$libshutdown$$00000010)
    __rt_lib_shutdown_signal_1               0x080001ab   Thumb Code     0  libshutdown2.o(.ARM.Collect$$libshutdown$$0000000A)
    __rt_lib_shutdown_stdio_1                0x080001ab   Thumb Code     0  libshutdown2.o(.ARM.Collect$$libshutdown$$00000004)
    __rt_lib_shutdown_user_alloc_1           0x080001ab   Thumb Code     0  libshutdown2.o(.ARM.Collect$$libshutdown$$0000000C)
    __rt_entry                               0x080001ad   Thumb Code     0  __rtentry.o(.ARM.Collect$$rtentry$$00000000)
    __rt_entry_presh_1                       0x080001ad   Thumb Code     0  __rtentry2.o(.ARM.Collect$$rtentry$$00000002)
    __rt_entry_sh                            0x080001ad   Thumb Code     0  __rtentry4.o(.ARM.Collect$$rtentry$$00000004)
    __rt_entry_li                            0x080001b3   Thumb Code     0  __rtentry2.o(.ARM.Collect$$rtentry$$0000000A)
    __rt_entry_postsh_1                      0x080001b3   Thumb Code     0  __rtentry2.o(.ARM.Collect$$rtentry$$00000009)
    __rt_entry_main                          0x080001b7   Thumb Code     0  __rtentry2.o(.ARM.Collect$$rtentry$$0000000D)
    __rt_entry_postli_1                      0x080001b7   Thumb Code     0  __rtentry2.o(.ARM.Collect$$rtentry$$0000000C)
    __rt_exit                                0x080001bf   Thumb Code     0  rtexit.o(.ARM.Collect$$rtexit$$00000000)
    __rt_exit_ls                             0x080001c1   Thumb Code     0  rtexit2.o(.ARM.Collect$$rtexit$$00000003)
    __rt_exit_prels_1                        0x080001c1   Thumb Code     0  rtexit2.o(.ARM.Collect$$rtexit$$00000002)
    __rt_exit_exit                           0x080001c5   Thumb Code     0  rtexit2.o(.ARM.Collect$$rtexit$$00000004)
    Reset_Handler                            0x080001cd   Thumb Code     8  startup_stm32f10x_hd.o(.text)
    ADC1_2_IRQHandler                        0x080001e7   Thumb Code     0  startup_stm32f10x_hd.o(.text)
    ADC3_IRQHandler                          0x080001e7   Thumb Code     0  startup_stm32f10x_hd.o(.text)
    CAN1_RX1_IRQHandler                      0x080001e7   Thumb Code     0  startup_stm32f10x_hd.o(.text)
    CAN1_SCE_IRQHandler                      0x080001e7   Thumb Code     0  startup_stm32f10x_hd.o(.text)
    DMA1_Channel1_IRQHandler                 0x080001e7   Thumb Code     0  startup_stm32f10x_hd.o(.text)
    DMA1_Channel2_IRQHandler                 0x080001e7   Thumb Code     0  startup_stm32f10x_hd.o(.text)
    DMA1_Channel3_IRQHandler                 0x080001e7   Thumb Code     0  startup_stm32f10x_hd.o(.text)
    DMA1_Channel4_IRQHandler                 0x080001e7   Thumb Code     0  startup_stm32f10x_hd.o(.text)
    DMA1_Channel5_IRQHandler                 0x080001e7   Thumb Code     0  startup_stm32f10x_hd.o(.text)
    DMA1_Channel6_IRQHandler                 0x080001e7   Thumb Code     0  startup_stm32f10x_hd.o(.text)
    DMA1_Channel7_IRQHandler                 0x080001e7   Thumb Code     0  startup_stm32f10x_hd.o(.text)
    DMA2_Channel1_IRQHandler                 0x080001e7   Thumb Code     0  startup_stm32f10x_hd.o(.text)
    DMA2_Channel2_IRQHandler                 0x080001e7   Thumb Code     0  startup_stm32f10x_hd.o(.text)
    DMA2_Channel3_IRQHandler                 0x080001e7   Thumb Code     0  startup_stm32f10x_hd.o(.text)
    DMA2_Channel4_5_IRQHandler               0x080001e7   Thumb Code     0  startup_stm32f10x_hd.o(.text)
    EXTI0_IRQHandler                         0x080001e7   Thumb Code     0  startup_stm32f10x_hd.o(.text)
    EXTI15_10_IRQHandler                     0x080001e7   Thumb Code     0  startup_stm32f10x_hd.o(.text)
    EXTI1_IRQHandler                         0x080001e7   Thumb Code     0  startup_stm32f10x_hd.o(.text)
    EXTI2_IRQHandler                         0x080001e7   Thumb Code     0  startup_stm32f10x_hd.o(.text)
    EXTI3_IRQHandler                         0x080001e7   Thumb Code     0  startup_stm32f10x_hd.o(.text)
    EXTI9_5_IRQHandler                       0x080001e7   Thumb Code     0  startup_stm32f10x_hd.o(.text)
    FLASH_IRQHandler                         0x080001e7   Thumb Code     0  startup_stm32f10x_hd.o(.text)
    FSMC_IRQHandler                          0x080001e7   Thumb Code     0  startup_stm32f10x_hd.o(.text)
    I2C1_ER_IRQHandler                       0x080001e7   Thumb Code     0  startup_stm32f10x_hd.o(.text)
    I2C1_EV_IRQHandler                       0x080001e7   Thumb Code     0  startup_stm32f10x_hd.o(.text)
    I2C2_ER_IRQHandler                       0x080001e7   Thumb Code     0  startup_stm32f10x_hd.o(.text)
    I2C2_EV_IRQHandler                       0x080001e7   Thumb Code     0  startup_stm32f10x_hd.o(.text)
    PVD_IRQHandler                           0x080001e7   Thumb Code     0  startup_stm32f10x_hd.o(.text)
    RCC_IRQHandler                           0x080001e7   Thumb Code     0  startup_stm32f10x_hd.o(.text)
    RTCAlarm_IRQHandler                      0x080001e7   Thumb Code     0  startup_stm32f10x_hd.o(.text)
    SDIO_IRQHandler                          0x080001e7   Thumb Code     0  startup_stm32f10x_hd.o(.text)
    SPI1_IRQHandler                          0x080001e7   Thumb Code     0  startup_stm32f10x_hd.o(.text)
    SPI2_IRQHandler                          0x080001e7   Thumb Code     0  startup_stm32f10x_hd.o(.text)
    SPI3_IRQHandler                          0x080001e7   Thumb Code     0  startup_stm32f10x_hd.o(.text)
    TAMPER_IRQHandler                        0x080001e7   Thumb Code     0  startup_stm32f10x_hd.o(.text)
    TIM1_BRK_IRQHandler                      0x080001e7   Thumb Code     0  startup_stm32f10x_hd.o(.text)
    TIM1_CC_IRQHandler                       0x080001e7   Thumb Code     0  startup_stm32f10x_hd.o(.text)
    TIM1_TRG_COM_IRQHandler                  0x080001e7   Thumb Code     0  startup_stm32f10x_hd.o(.text)
    TIM1_UP_IRQHandler                       0x080001e7   Thumb Code     0  startup_stm32f10x_hd.o(.text)
    TIM2_IRQHandler                          0x080001e7   Thumb Code     0  startup_stm32f10x_hd.o(.text)
    TIM4_IRQHandler                          0x080001e7   Thumb Code     0  startup_stm32f10x_hd.o(.text)
    TIM6_IRQHandler                          0x080001e7   Thumb Code     0  startup_stm32f10x_hd.o(.text)
    TIM7_IRQHandler                          0x080001e7   Thumb Code     0  startup_stm32f10x_hd.o(.text)
    TIM8_BRK_IRQHandler                      0x080001e7   Thumb Code     0  startup_stm32f10x_hd.o(.text)
    TIM8_CC_IRQHandler                       0x080001e7   Thumb Code     0  startup_stm32f10x_hd.o(.text)
    TIM8_TRG_COM_IRQHandler                  0x080001e7   Thumb Code     0  startup_stm32f10x_hd.o(.text)
    TIM8_UP_IRQHandler                       0x080001e7   Thumb Code     0  startup_stm32f10x_hd.o(.text)
    USBWakeUp_IRQHandler                     0x080001e7   Thumb Code     0  startup_stm32f10x_hd.o(.text)
    USB_HP_CAN1_TX_IRQHandler                0x080001e7   Thumb Code     0  startup_stm32f10x_hd.o(.text)
    USB_LP_CAN1_RX0_IRQHandler               0x080001e7   Thumb Code     0  startup_stm32f10x_hd.o(.text)
    WWDG_IRQHandler                          0x080001e7   Thumb Code     0  startup_stm32f10x_hd.o(.text)
    __user_initial_stackheap                 0x080001e9   Thumb Code     0  startup_stm32f10x_hd.o(.text)
    __aeabi_memcpy                           0x0800020d   Thumb Code     0  rt_memcpy_v6.o(.text)
    __rt_memcpy                              0x0800020d   Thumb Code   138  rt_memcpy_v6.o(.text)
    _memcpy_lastbytes                        0x08000273   Thumb Code     0  rt_memcpy_v6.o(.text)
    __aeabi_memcpy4                          0x08000297   Thumb Code     0  rt_memcpy_w.o(.text)
    __aeabi_memcpy8                          0x08000297   Thumb Code     0  rt_memcpy_w.o(.text)
    __rt_memcpy_w                            0x08000297   Thumb Code   100  rt_memcpy_w.o(.text)
    _memcpy_lastbytes_aligned                0x080002df   Thumb Code     0  rt_memcpy_w.o(.text)
    __use_two_region_memory                  0x080002fb   Thumb Code     2  heapauxi.o(.text)
    __rt_heap_escrow$2region                 0x080002fd   Thumb Code     2  heapauxi.o(.text)
    __rt_heap_expand$2region                 0x080002ff   Thumb Code     2  heapauxi.o(.text)
    __read_errno                             0x08000301   Thumb Code    10  _rserrno.o(.text)
    __set_errno                              0x0800030b   Thumb Code    12  _rserrno.o(.text)
    __aeabi_errno_addr                       0x08000319   Thumb Code     8  rt_errno_addr_intlibspace.o(.text)
    __errno$intlibspace                      0x08000319   Thumb Code     0  rt_errno_addr_intlibspace.o(.text)
    __rt_errno_addr$intlibspace              0x08000319   Thumb Code     0  rt_errno_addr_intlibspace.o(.text)
    __user_libspace                          0x08000321   Thumb Code     8  libspace.o(.text)
    __user_perproc_libspace                  0x08000321   Thumb Code     0  libspace.o(.text)
    __user_perthread_libspace                0x08000321   Thumb Code     0  libspace.o(.text)
    __user_setup_stackheap                   0x08000329   Thumb Code    74  sys_stackheap_outer.o(.text)
    exit                                     0x08000373   Thumb Code    18  exit.o(.text)
    _sys_exit                                0x08000385   Thumb Code     8  sys_exit.o(.text)
    __I$use$semihosting                      0x08000391   Thumb Code     0  use_no_semi.o(.text)
    __use_no_semihosting_swi                 0x08000391   Thumb Code     2  use_no_semi.o(.text)
    BKP_DeInit                               0x08000393   Thumb Code    16  stm32f10x_bkp.o(i.BKP_DeInit)
    __semihosting_library_function           0x08000393   Thumb Code     0  indicate_semi.o(.text)
    BKP_ReadBackupRegister                   0x080003a5   Thumb Code    24  stm32f10x_bkp.o(i.BKP_ReadBackupRegister)
    BKP_WriteBackupRegister                  0x080003c1   Thumb Code    22  stm32f10x_bkp.o(i.BKP_WriteBackupRegister)
    BusFault_Handler                         0x080003dd   Thumb Code     4  stm32f10x_it.o(i.BusFault_Handler)
    DebugMon_Handler                         0x080003e1   Thumb Code     2  stm32f10x_it.o(i.DebugMon_Handler)
    EXTI4_IRQHandler                         0x080003e5   Thumb Code    58  exit.o(i.EXTI4_IRQHandler)
    EXTI_ClearITPendingBit                   0x0800042d   Thumb Code     6  stm32f10x_exti.o(i.EXTI_ClearITPendingBit)
    FSMC_NORSRAMCmd                          0x08000439   Thumb Code    46  stm32f10x_fsmc.o(i.FSMC_NORSRAMCmd)
    FSMC_NORSRAMInit                         0x0800046d   Thumb Code   230  stm32f10x_fsmc.o(i.FSMC_NORSRAMInit)
    GPIO_Init                                0x08000553   Thumb Code   278  stm32f10x_gpio.o(i.GPIO_Init)
    GPIO_SetBits                             0x08000669   Thumb Code     4  stm32f10x_gpio.o(i.GPIO_SetBits)
    HardFault_Handler                        0x0800066d   Thumb Code     4  stm32f10x_it.o(i.HardFault_Handler)
    Is_Leap_Year                             0x08000671   Thumb Code    58  rtc.o(i.Is_Leap_Year)
    LCD_Clear                                0x080006ad   Thumb Code    42  lcd.o(i.LCD_Clear)
    LCD_Color_Fill                           0x080006e1   Thumb Code    90  lcd.o(i.LCD_Color_Fill)
    LCD_DisplayOn                            0x08000741   Thumb Code    12  lcd.o(i.LCD_DisplayOn)
    LCD_Fast_DrawPoint                       0x0800074d   Thumb Code    28  lcd.o(i.LCD_Fast_DrawPoint)
    LCD_Init                                 0x0800076d   Thumb Code  4274  lcd.o(i.LCD_Init)
    LCD_Pow                                  0x08001849   Thumb Code    22  lcd.o(i.LCD_Pow)
    LCD_SetCursor                            0x08001861   Thumb Code    56  lcd.o(i.LCD_SetCursor)
    LCD_ShowChar                             0x0800189d   Thumb Code   272  lcd.o(i.LCD_ShowChar)
    LCD_ShowNum                              0x080019c5   Thumb Code   120  lcd.o(i.LCD_ShowNum)
    LCD_ShowString                           0x08001a45   Thumb Code   154  lcd.o(i.LCD_ShowString)
    LCD_WR_RAM                               0x08001ae9   Thumb Code     6  lcd.o(i.LCD_WR_RAM)
    LCD_WR_REG                               0x08001af5   Thumb Code     6  lcd.o(i.LCD_WR_REG)
    LCD_WriteRAM_Prepare                     0x08001b01   Thumb Code    10  lcd.o(i.LCD_WriteRAM_Prepare)
    LCD_WriteReg                             0x08001b15   Thumb Code    20  lcd.o(i.LCD_WriteReg)
    MemManage_Handler                        0x08001b29   Thumb Code     4  stm32f10x_it.o(i.MemManage_Handler)
    NMI_Handler                              0x08001b2d   Thumb Code     2  stm32f10x_it.o(i.NMI_Handler)
    NVIC_Init                                0x08001b31   Thumb Code   100  misc.o(i.NVIC_Init)
    NVIC_PriorityGroupConfig                 0x08001ba1   Thumb Code    10  misc.o(i.NVIC_PriorityGroupConfig)
    PWR_BackupAccessCmd                      0x08001bb5   Thumb Code     6  stm32f10x_pwr.o(i.PWR_BackupAccessCmd)
    PendSV_Handler                           0x08001bc1   Thumb Code     2  stm32f10x_it.o(i.PendSV_Handler)
    RCC_AHBPeriphClockCmd                    0x08001bc5   Thumb Code    26  stm32f10x_rcc.o(i.RCC_AHBPeriphClockCmd)
    RCC_APB1PeriphClockCmd                   0x08001be5   Thumb Code    26  stm32f10x_rcc.o(i.RCC_APB1PeriphClockCmd)
    RCC_APB2PeriphClockCmd                   0x08001c05   Thumb Code    26  stm32f10x_rcc.o(i.RCC_APB2PeriphClockCmd)
    RCC_BackupResetCmd                       0x08001c25   Thumb Code     6  stm32f10x_rcc.o(i.RCC_BackupResetCmd)
    RCC_GetFlagStatus                        0x08001c31   Thumb Code    56  stm32f10x_rcc.o(i.RCC_GetFlagStatus)
    RCC_LSEConfig                            0x08001c6d   Thumb Code    46  stm32f10x_rcc.o(i.RCC_LSEConfig)
    RCC_RTCCLKCmd                            0x08001ca1   Thumb Code     6  stm32f10x_rcc.o(i.RCC_RTCCLKCmd)
    RCC_RTCCLKConfig                         0x08001cad   Thumb Code    12  stm32f10x_rcc.o(i.RCC_RTCCLKConfig)
    RTC_ClearITPendingBit                    0x08001cbd   Thumb Code    12  stm32f10x_rtc.o(i.RTC_ClearITPendingBit)
    RTC_EnterConfigMode                      0x08001ccd   Thumb Code    14  stm32f10x_rtc.o(i.RTC_EnterConfigMode)
    RTC_ExitConfigMode                       0x08001ce1   Thumb Code    16  stm32f10x_rtc.o(i.RTC_ExitConfigMode)
    RTC_Get                                  0x08001cf5   Thumb Code   224  rtc.o(i.RTC_Get)
    RTC_GetCounter                           0x08001de5   Thumb Code    16  stm32f10x_rtc.o(i.RTC_GetCounter)
    RTC_GetITStatus                          0x08001df9   Thumb Code    32  stm32f10x_rtc.o(i.RTC_GetITStatus)
    RTC_IRQHandler                           0x08001e1d   Thumb Code   222  rtc.o(i.RTC_IRQHandler)
    RTC_ITConfig                             0x08001f01   Thumb Code    26  stm32f10x_rtc.o(i.RTC_ITConfig)
    RTC_Init                                 0x08001f21   Thumb Code   328  rtc.o(i.RTC_Init)
    RTC_Set                                  0x080020c1   Thumb Code   182  rtc.o(i.RTC_Set)
    RTC_SetCounter                           0x08002189   Thumb Code    24  stm32f10x_rtc.o(i.RTC_SetCounter)
    RTC_SetPrescaler                         0x080021a5   Thumb Code    26  stm32f10x_rtc.o(i.RTC_SetPrescaler)
    RTC_WaitForLastTask                      0x080021c5   Thumb Code    16  stm32f10x_rtc.o(i.RTC_WaitForLastTask)
    RTC_WaitForSynchro                       0x080021d9   Thumb Code    30  stm32f10x_rtc.o(i.RTC_WaitForSynchro)
    SVC_Handler                              0x080021fd   Thumb Code     2  stm32f10x_it.o(i.SVC_Handler)
    Send_Data                                0x08002201   Thumb Code    30  uart.o(i.Send_Data)
    Send_Num                                 0x08002225   Thumb Code   156  uart.o(i.Send_Num)
    SysTick_CLKSourceConfig                  0x080023ad   Thumb Code    40  misc.o(i.SysTick_CLKSourceConfig)
    SysTick_Handler                          0x080023d5   Thumb Code     2  stm32f10x_it.o(i.SysTick_Handler)
    SystemInit                               0x080023d9   Thumb Code    78  system_stm32f10x.o(i.SystemInit)
    TIM3_IRQHandler                          0x08002439   Thumb Code   180  timer.o(i.TIM3_IRQHandler)
    TIM5_IRQHandler                          0x080024f9   Thumb Code    60  timer.o(i.TIM5_IRQHandler)
    TIM_ClearITPendingBit                    0x0800253d   Thumb Code     6  stm32f10x_tim.o(i.TIM_ClearITPendingBit)
    TIM_GetCapture1                          0x08002543   Thumb Code     6  stm32f10x_tim.o(i.TIM_GetCapture1)
    TIM_GetFlagStatus                        0x08002549   Thumb Code    18  stm32f10x_tim.o(i.TIM_GetFlagStatus)
    TIM_GetITStatus                          0x0800255b   Thumb Code    34  stm32f10x_tim.o(i.TIM_GetITStatus)
    TIM_OC1PolarityConfig                    0x0800257d   Thumb Code    18  stm32f10x_tim.o(i.TIM_OC1PolarityConfig)
    TIM_SetCounter                           0x0800258f   Thumb Code     4  stm32f10x_tim.o(i.TIM_SetCounter)
    UART4_IRQHandler                         0x08002593   Thumb Code     2  uart.o(i.UART4_IRQHandler)
    UART5_IRQHandler                         0x08002595   Thumb Code     2  uart.o(i.UART5_IRQHandler)
    USART1_IRQHandler                        0x08002597   Thumb Code     2  uart.o(i.USART1_IRQHandler)
    USART2_IRQHandler                        0x08002599   Thumb Code     2  uart.o(i.USART2_IRQHandler)
    USART3_IRQHandler                        0x0800259b   Thumb Code     2  uart.o(i.USART3_IRQHandler)
    USART_GetFlagStatus                      0x0800259d   Thumb Code    26  stm32f10x_usart.o(i.USART_GetFlagStatus)
    USART_SendData                           0x080025b7   Thumb Code     8  stm32f10x_usart.o(i.USART_SendData)
    UsageFault_Handler                       0x080025bf   Thumb Code     4  stm32f10x_it.o(i.UsageFault_Handler)
    __ARM_fpclassify                         0x080025c3   Thumb Code    40  fpclassify.o(i.__ARM_fpclassify)
    __kernel_poly                            0x080025eb   Thumb Code   170  poly.o(i.__kernel_poly)
    __mathlib_dbl_divzero                    0x08002695   Thumb Code    12  dunder.o(i.__mathlib_dbl_divzero)
    __mathlib_dbl_infnan2                    0x080026a5   Thumb Code     4  dunder.o(i.__mathlib_dbl_infnan2)
    __mathlib_dbl_invalid                    0x080026a9   Thumb Code    12  dunder.o(i.__mathlib_dbl_invalid)
    __mathlib_dbl_overflow                   0x080026b5   Thumb Code    14  dunder.o(i.__mathlib_dbl_overflow)
    __mathlib_dbl_underflow                  0x080026c5   Thumb Code    10  dunder.o(i.__mathlib_dbl_underflow)
    delay_init                               0x080026d5   Thumb Code    50  delay.o(i.delay_init)
    delay_ms                                 0x08002719   Thumb Code    72  delay.o(i.delay_ms)
    delay_us                                 0x08002765   Thumb Code    72  delay.o(i.delay_us)
    g2048_Creat_And_Lcd_Refresh              0x080027b1   Thumb Code   118  2048.o(i.g2048_Creat_And_Lcd_Refresh)
    g2048_Game                               0x08002831   Thumb Code  1342  2048.o(i.g2048_Game)
    g2048_Get_Direction                      0x08002d79   Thumb Code   730  2048.o(i.g2048_Get_Direction)
    g2048_Get_Empty_Point                    0x08003095   Thumb Code    98  2048.o(i.g2048_Get_Empty_Point)
    g2048_Get_Monotony_Point                 0x080030fd   Thumb Code   224  2048.o(i.g2048_Get_Monotony_Point)
    g2048_Get_Point                          0x080031dd   Thumb Code  1202  2048.o(i.g2048_Get_Point)
    g2048_Init                               0x08003699   Thumb Code   282  2048.o(i.g2048_Init)
    g2048_Lcd_Refresh                        0x080037d5   Thumb Code  1494  2048.o(i.g2048_Lcd_Refresh)
    g2048_Only_Get_Point                     0x08003db1   Thumb Code   124  2048.o(i.g2048_Only_Get_Point)
    g2048_Point_Game                         0x08003e35   Thumb Code   980  2048.o(i.g2048_Point_Game)
    g2048_Point_Refresh                      0x08004209   Thumb Code   418  2048.o(i.g2048_Point_Refresh)
    g2048_Refresh                            0x080043ad   Thumb Code   404  2048.o(i.g2048_Refresh)
    g2048_ShowChar                           0x08004549   Thumb Code   266  lcd.o(i.g2048_ShowChar)
    main                                     0x08004665   Thumb Code   134  main.o(i.main)
    pow                                      0x080046f5   Thumb Code  2512  pow.o(i.pow)
    sqrt                                     0x080050cd   Thumb Code    76  sqrt.o(i.sqrt)
    __aeabi_d2f                              0x08005119   Thumb Code     0  d2f.o(x$fpl$d2f)
    _d2f                                     0x08005119   Thumb Code    98  d2f.o(x$fpl$d2f)
    __aeabi_dadd                             0x0800517d   Thumb Code     0  daddsub_clz.o(x$fpl$dadd)
    _dadd                                    0x0800517d   Thumb Code   332  daddsub_clz.o(x$fpl$dadd)
    __fpl_dcheck_NaN1                        0x080052cd   Thumb Code    10  dcheck1.o(x$fpl$dcheck1)
    __fpl_dcmp_Inf                           0x080052dd   Thumb Code    24  dcmpi.o(x$fpl$dcmpinf)
    __aeabi_ddiv                             0x080052f5   Thumb Code     0  ddiv.o(x$fpl$ddiv)
    _ddiv                                    0x080052f5   Thumb Code   552  ddiv.o(x$fpl$ddiv)
    __aeabi_d2uiz                            0x080055a5   Thumb Code     0  dfixu.o(x$fpl$dfixu)
    _dfixu                                   0x080055a5   Thumb Code    90  dfixu.o(x$fpl$dfixu)
    __aeabi_i2d                              0x080055ff   Thumb Code     0  dflt_clz.o(x$fpl$dflt)
    _dflt                                    0x080055ff   Thumb Code    46  dflt_clz.o(x$fpl$dflt)
    __aeabi_ui2d                             0x0800562d   Thumb Code     0  dflt_clz.o(x$fpl$dfltu)
    _dfltu                                   0x0800562d   Thumb Code    38  dflt_clz.o(x$fpl$dfltu)
    __aeabi_cdcmple                          0x08005655   Thumb Code     0  dleqf.o(x$fpl$dleqf)
    _dcmple                                  0x08005655   Thumb Code   120  dleqf.o(x$fpl$dleqf)
    __fpl_dcmple_InfNaN                      0x080056b7   Thumb Code     0  dleqf.o(x$fpl$dleqf)
    __aeabi_dmul                             0x080056cd   Thumb Code     0  dmul.o(x$fpl$dmul)
    _dmul                                    0x080056cd   Thumb Code   332  dmul.o(x$fpl$dmul)
    __fpl_dnaninf                            0x08005821   Thumb Code   156  dnaninf.o(x$fpl$dnaninf)
    __fpl_dretinf                            0x080058bd   Thumb Code    12  dretinf.o(x$fpl$dretinf)
    __aeabi_cdrcmple                         0x080058c9   Thumb Code     0  drleqf.o(x$fpl$drleqf)
    _drcmple                                 0x080058c9   Thumb Code   108  drleqf.o(x$fpl$drleqf)
    __aeabi_drsub                            0x08005935   Thumb Code     0  daddsub_clz.o(x$fpl$drsb)
    _drsb                                    0x08005935   Thumb Code    22  daddsub_clz.o(x$fpl$drsb)
    _dsqrt                                   0x0800594d   Thumb Code   456  dsqrt_noumaal.o(x$fpl$dsqrt)
    __aeabi_dsub                             0x08005b19   Thumb Code     0  daddsub_clz.o(x$fpl$dsub)
    _dsub                                    0x08005b19   Thumb Code   464  daddsub_clz.o(x$fpl$dsub)
    __aeabi_f2d                              0x08005ced   Thumb Code     0  f2d.o(x$fpl$f2d)
    _f2d                                     0x08005ced   Thumb Code    86  f2d.o(x$fpl$f2d)
    __aeabi_fadd                             0x08005d45   Thumb Code     0  faddsub_clz.o(x$fpl$fadd)
    _fadd                                    0x08005d45   Thumb Code   196  faddsub_clz.o(x$fpl$fadd)
    __fpl_fcmp_Inf                           0x08005e09   Thumb Code    24  fcmpi.o(x$fpl$fcmpinf)
    __aeabi_i2f                              0x08005e21   Thumb Code     0  fflt_clz.o(x$fpl$fflt)
    _fflt                                    0x08005e21   Thumb Code    48  fflt_clz.o(x$fpl$fflt)
    __aeabi_ui2f                             0x08005e51   Thumb Code     0  fflt_clz.o(x$fpl$ffltu)
    _ffltu                                   0x08005e51   Thumb Code    38  fflt_clz.o(x$fpl$ffltu)
    __aeabi_cfcmple                          0x08005e79   Thumb Code     0  fleqf.o(x$fpl$fleqf)
    _fcmple                                  0x08005e79   Thumb Code   104  fleqf.o(x$fpl$fleqf)
    __fpl_fcmple_InfNaN                      0x08005ecb   Thumb Code     0  fleqf.o(x$fpl$fleqf)
    __aeabi_fmul                             0x08005ee1   Thumb Code     0  fmul.o(x$fpl$fmul)
    _fmul                                    0x08005ee1   Thumb Code   258  fmul.o(x$fpl$fmul)
    __fpl_fnaninf                            0x08005fe3   Thumb Code   140  fnaninf.o(x$fpl$fnaninf)
    __fpl_fretinf                            0x0800606f   Thumb Code    10  fretinf.o(x$fpl$fretinf)
    __aeabi_cfrcmple                         0x08006079   Thumb Code     0  frleqf.o(x$fpl$frleqf)
    _frcmple                                 0x08006079   Thumb Code    98  frleqf.o(x$fpl$frleqf)
    __aeabi_fsub                             0x080060dd   Thumb Code     0  faddsub_clz.o(x$fpl$fsub)
    _fsub                                    0x080060dd   Thumb Code   234  faddsub_clz.o(x$fpl$fsub)
    __fpl_return_NaN                         0x080061c7   Thumb Code   100  retnan.o(x$fpl$retnan)
    __ARM_scalbn                             0x0800622b   Thumb Code    92  scalbn.o(x$fpl$scalbn)
    __fpl_cmpreturn                          0x08006287   Thumb Code    48  trapv.o(x$fpl$trapveneer)
    __I$use$fp                               0x080062b6   Number         0  usenofp.o(x$fpl$usenofp)
    asc2_1206                                0x080062b6   Data        1140  lcd.o(.constdata)
    asc2_1608                                0x0800672a   Data        1520  lcd.o(.constdata)
    asc2_2412                                0x08006d1a   Data        3420  lcd.o(.constdata)
    mon_table                                0x08007a76   Data          12  rtc.o(.constdata)
    __mathlib_zero                           0x08007b10   Data           8  qnan.o(.constdata)
    Region$$Table$$Base                      0x08007b18   Number         0  anon$$obj.o(Region$$Table)
    Region$$Table$$Limit                     0x08007b38   Number         0  anon$$obj.o(Region$$Table)
    SystemCoreClock                          0x20000000   Data           4  system_stm32f10x.o(.data)
    AHBPrescTable                            0x20000004   Data          16  system_stm32f10x.o(.data)
    POINT_COLOR                              0x20000018   Data           2  lcd.o(.data)
    BACK_COLOR                               0x2000001a   Data           2  lcd.o(.data)
    TM3CH1_CAPTURE_STA                       0x2000001c   Data           1  timer.o(.data)
    TM3CH1_CAPTURE_VAL                       0x2000001e   Data           2  timer.o(.data)
    TM5CH1_CAPTURE_STA                       0x20000020   Data           1  timer.o(.data)
    TM5CH1_CAPTURE_VAL                       0x20000022   Data           2  timer.o(.data)
    TM5CH2_CAPTURE_STA                       0x20000024   Data           1  timer.o(.data)
    TM5CH2_CAPTURE_VAL                       0x20000026   Data           2  timer.o(.data)
    calendar                                 0x2000002c   Data          10  main.o(.bss)
    box                                      0x20000036   Data         256  2048.o(.bss)
    game                                     0x20000136   Data          10  2048.o(.bss)
    lcddev                                   0x20000140   Data          12  lcd.o(.bss)
    __libspace_start                         0x2000014c   Data          96  libspace.o(.bss)
    __temporary_stack_top$libspace           0x200001ac   Data           0  libspace.o(.bss)



==============================================================================

Memory Map of the image

  Image Entry point : 0x080001cd

  Load Region LR_1 (Base: 0x08000000, Size: 0x00007b64, Max: 0xffffffff, ABSOLUTE)

    Execution Region ER_RO (Exec base: 0x08000000, Load base: 0x08000000, Size: 0x00007b38, Max: 0xffffffff, ABSOLUTE)

    Exec Addr    Load Addr    Size         Type   Attr      Idx    E Section Name        Object

    0x08000000   0x08000000   0x00000130   Data   RO          366    RESET               startup_stm32f10x_hd.o
    0x08000130   0x08000130   0x00000008   Code   RO         4100  * !!!main             c_w.l(__main.o)
    0x08000138   0x08000138   0x00000034   Code   RO         4376    !!!scatter          c_w.l(__scatter.o)
    0x0800016c   0x0800016c   0x0000001a   Code   RO         4378    !!handler_copy      c_w.l(__scatter_copy.o)
    0x08000186   0x08000186   0x00000002   PAD
    0x08000188   0x08000188   0x0000001c   Code   RO         4380    !!handler_zi        c_w.l(__scatter_zi.o)
    0x080001a4   0x080001a4   0x00000002   Code   RO         4243    .ARM.Collect$$libinit$$00000000  c_w.l(libinit.o)
    0x080001a6   0x080001a6   0x00000000   Code   RO         4251    .ARM.Collect$$libinit$$00000002  c_w.l(libinit2.o)
    0x080001a6   0x080001a6   0x00000000   Code   RO         4253    .ARM.Collect$$libinit$$00000004  c_w.l(libinit2.o)
    0x080001a6   0x080001a6   0x00000000   Code   RO         4256    .ARM.Collect$$libinit$$0000000A  c_w.l(libinit2.o)
    0x080001a6   0x080001a6   0x00000000   Code   RO         4258    .ARM.Collect$$libinit$$0000000C  c_w.l(libinit2.o)
    0x080001a6   0x080001a6   0x00000000   Code   RO         4260    .ARM.Collect$$libinit$$0000000E  c_w.l(libinit2.o)
    0x080001a6   0x080001a6   0x00000000   Code   RO         4263    .ARM.Collect$$libinit$$00000011  c_w.l(libinit2.o)
    0x080001a6   0x080001a6   0x00000000   Code   RO         4265    .ARM.Collect$$libinit$$00000013  c_w.l(libinit2.o)
    0x080001a6   0x080001a6   0x00000000   Code   RO         4267    .ARM.Collect$$libinit$$00000015  c_w.l(libinit2.o)
    0x080001a6   0x080001a6   0x00000000   Code   RO         4269    .ARM.Collect$$libinit$$00000017  c_w.l(libinit2.o)
    0x080001a6   0x080001a6   0x00000000   Code   RO         4271    .ARM.Collect$$libinit$$00000019  c_w.l(libinit2.o)
    0x080001a6   0x080001a6   0x00000000   Code   RO         4273    .ARM.Collect$$libinit$$0000001B  c_w.l(libinit2.o)
    0x080001a6   0x080001a6   0x00000000   Code   RO         4275    .ARM.Collect$$libinit$$0000001D  c_w.l(libinit2.o)
    0x080001a6   0x080001a6   0x00000000   Code   RO         4277    .ARM.Collect$$libinit$$0000001F  c_w.l(libinit2.o)
    0x080001a6   0x080001a6   0x00000000   Code   RO         4279    .ARM.Collect$$libinit$$00000021  c_w.l(libinit2.o)
    0x080001a6   0x080001a6   0x00000000   Code   RO         4281    .ARM.Collect$$libinit$$00000023  c_w.l(libinit2.o)
    0x080001a6   0x080001a6   0x00000000   Code   RO         4283    .ARM.Collect$$libinit$$00000025  c_w.l(libinit2.o)
    0x080001a6   0x080001a6   0x00000000   Code   RO         4287    .ARM.Collect$$libinit$$0000002C  c_w.l(libinit2.o)
    0x080001a6   0x080001a6   0x00000000   Code   RO         4289    .ARM.Collect$$libinit$$0000002E  c_w.l(libinit2.o)
    0x080001a6   0x080001a6   0x00000000   Code   RO         4291    .ARM.Collect$$libinit$$00000030  c_w.l(libinit2.o)
    0x080001a6   0x080001a6   0x00000000   Code   RO         4293    .ARM.Collect$$libinit$$00000032  c_w.l(libinit2.o)
    0x080001a6   0x080001a6   0x00000002   Code   RO         4294    .ARM.Collect$$libinit$$00000033  c_w.l(libinit2.o)
    0x080001a8   0x080001a8   0x00000002   Code   RO         4316    .ARM.Collect$$libshutdown$$00000000  c_w.l(libshutdown.o)
    0x080001aa   0x080001aa   0x00000000   Code   RO         4329    .ARM.Collect$$libshutdown$$00000002  c_w.l(libshutdown2.o)
    0x080001aa   0x080001aa   0x00000000   Code   RO         4331    .ARM.Collect$$libshutdown$$00000004  c_w.l(libshutdown2.o)
    0x080001aa   0x080001aa   0x00000000   Code   RO         4334    .ARM.Collect$$libshutdown$$00000007  c_w.l(libshutdown2.o)
    0x080001aa   0x080001aa   0x00000000   Code   RO         4337    .ARM.Collect$$libshutdown$$0000000A  c_w.l(libshutdown2.o)
    0x080001aa   0x080001aa   0x00000000   Code   RO         4339    .ARM.Collect$$libshutdown$$0000000C  c_w.l(libshutdown2.o)
    0x080001aa   0x080001aa   0x00000000   Code   RO         4342    .ARM.Collect$$libshutdown$$0000000F  c_w.l(libshutdown2.o)
    0x080001aa   0x080001aa   0x00000002   Code   RO         4343    .ARM.Collect$$libshutdown$$00000010  c_w.l(libshutdown2.o)
    0x080001ac   0x080001ac   0x00000000   Code   RO         4160    .ARM.Collect$$rtentry$$00000000  c_w.l(__rtentry.o)
    0x080001ac   0x080001ac   0x00000000   Code   RO         4206    .ARM.Collect$$rtentry$$00000002  c_w.l(__rtentry2.o)
    0x080001ac   0x080001ac   0x00000006   Code   RO         4218    .ARM.Collect$$rtentry$$00000004  c_w.l(__rtentry4.o)
    0x080001b2   0x080001b2   0x00000000   Code   RO         4208    .ARM.Collect$$rtentry$$00000009  c_w.l(__rtentry2.o)
    0x080001b2   0x080001b2   0x00000004   Code   RO         4209    .ARM.Collect$$rtentry$$0000000A  c_w.l(__rtentry2.o)
    0x080001b6   0x080001b6   0x00000000   Code   RO         4211    .ARM.Collect$$rtentry$$0000000C  c_w.l(__rtentry2.o)
    0x080001b6   0x080001b6   0x00000008   Code   RO         4212    .ARM.Collect$$rtentry$$0000000D  c_w.l(__rtentry2.o)
    0x080001be   0x080001be   0x00000002   Code   RO         4248    .ARM.Collect$$rtexit$$00000000  c_w.l(rtexit.o)
    0x080001c0   0x080001c0   0x00000000   Code   RO         4298    .ARM.Collect$$rtexit$$00000002  c_w.l(rtexit2.o)
    0x080001c0   0x080001c0   0x00000004   Code   RO         4299    .ARM.Collect$$rtexit$$00000003  c_w.l(rtexit2.o)
    0x080001c4   0x080001c4   0x00000006   Code   RO         4300    .ARM.Collect$$rtexit$$00000004  c_w.l(rtexit2.o)
    0x080001ca   0x080001ca   0x00000002   PAD
    0x080001cc   0x080001cc   0x00000040   Code   RO          367  * .text               startup_stm32f10x_hd.o
    0x0800020c   0x0800020c   0x0000008a   Code   RO         4094    .text               c_w.l(rt_memcpy_v6.o)
    0x08000296   0x08000296   0x00000064   Code   RO         4096    .text               c_w.l(rt_memcpy_w.o)
    0x080002fa   0x080002fa   0x00000006   Code   RO         4098    .text               c_w.l(heapauxi.o)
    0x08000300   0x08000300   0x00000016   Code   RO         4161    .text               c_w.l(_rserrno.o)
    0x08000316   0x08000316   0x00000002   PAD
    0x08000318   0x08000318   0x00000008   Code   RO         4223    .text               c_w.l(rt_errno_addr_intlibspace.o)
    0x08000320   0x08000320   0x00000008   Code   RO         4231    .text               c_w.l(libspace.o)
    0x08000328   0x08000328   0x0000004a   Code   RO         4234    .text               c_w.l(sys_stackheap_outer.o)
    0x08000372   0x08000372   0x00000012   Code   RO         4236    .text               c_w.l(exit.o)
    0x08000384   0x08000384   0x0000000c   Code   RO         4308    .text               c_w.l(sys_exit.o)
    0x08000390   0x08000390   0x00000002   Code   RO         4319    .text               c_w.l(use_no_semi.o)
    0x08000392   0x08000392   0x00000000   Code   RO         4321    .text               c_w.l(indicate_semi.o)
    0x08000392   0x08000392   0x00000010   Code   RO          631    i.BKP_DeInit        stm32f10x_bkp.o
    0x080003a2   0x080003a2   0x00000002   PAD
    0x080003a4   0x080003a4   0x0000001c   Code   RO          636    i.BKP_ReadBackupRegister  stm32f10x_bkp.o
    0x080003c0   0x080003c0   0x0000001c   Code   RO          640    i.BKP_WriteBackupRegister  stm32f10x_bkp.o
    0x080003dc   0x080003dc   0x00000004   Code   RO          128    i.BusFault_Handler  stm32f10x_it.o
    0x080003e0   0x080003e0   0x00000002   Code   RO          129    i.DebugMon_Handler  stm32f10x_it.o
    0x080003e2   0x080003e2   0x00000002   PAD
    0x080003e4   0x080003e4   0x00000048   Code   RO         3513    i.EXTI4_IRQHandler  exit.o
    0x0800042c   0x0800042c   0x0000000c   Code   RO         1169    i.EXTI_ClearITPendingBit  stm32f10x_exti.o
    0x08000438   0x08000438   0x00000034   Code   RO         1407    i.FSMC_NORSRAMCmd   stm32f10x_fsmc.o
    0x0800046c   0x0800046c   0x000000e6   Code   RO         1409    i.FSMC_NORSRAMInit  stm32f10x_fsmc.o
    0x08000552   0x08000552   0x00000116   Code   RO         1522    i.GPIO_Init         stm32f10x_gpio.o
    0x08000668   0x08000668   0x00000004   Code   RO         1530    i.GPIO_SetBits      stm32f10x_gpio.o
    0x0800066c   0x0800066c   0x00000004   Code   RO          130    i.HardFault_Handler  stm32f10x_it.o
    0x08000670   0x08000670   0x0000003a   Code   RO         4043    i.Is_Leap_Year      rtc.o
    0x080006aa   0x080006aa   0x00000002   PAD
    0x080006ac   0x080006ac   0x00000034   Code   RO         3708    i.LCD_Clear         lcd.o
    0x080006e0   0x080006e0   0x00000060   Code   RO         3709    i.LCD_Color_Fill    lcd.o
    0x08000740   0x08000740   0x0000000c   Code   RO         3711    i.LCD_DisplayOn     lcd.o
    0x0800074c   0x0800074c   0x00000020   Code   RO         3712    i.LCD_Fast_DrawPoint  lcd.o
    0x0800076c   0x0800076c   0x000010dc   Code   RO         3713    i.LCD_Init          lcd.o
    0x08001848   0x08001848   0x00000016   Code   RO         3714    i.LCD_Pow           lcd.o
    0x0800185e   0x0800185e   0x00000002   PAD
    0x08001860   0x08001860   0x0000003c   Code   RO         3715    i.LCD_SetCursor     lcd.o
    0x0800189c   0x0800189c   0x00000128   Code   RO         3716    i.LCD_ShowChar      lcd.o
    0x080019c4   0x080019c4   0x00000080   Code   RO         3717    i.LCD_ShowNum       lcd.o
    0x08001a44   0x08001a44   0x000000a4   Code   RO         3718    i.LCD_ShowString    lcd.o
    0x08001ae8   0x08001ae8   0x0000000c   Code   RO         3719    i.LCD_WR_RAM        lcd.o
    0x08001af4   0x08001af4   0x0000000c   Code   RO         3720    i.LCD_WR_REG        lcd.o
    0x08001b00   0x08001b00   0x00000014   Code   RO         3721    i.LCD_WriteRAM_Prepare  lcd.o
    0x08001b14   0x08001b14   0x00000014   Code   RO         3722    i.LCD_WriteReg      lcd.o
    0x08001b28   0x08001b28   0x00000004   Code   RO          131    i.MemManage_Handler  stm32f10x_it.o
    0x08001b2c   0x08001b2c   0x00000002   Code   RO          132    i.NMI_Handler       stm32f10x_it.o
    0x08001b2e   0x08001b2e   0x00000002   PAD
    0x08001b30   0x08001b30   0x00000070   Code   RO          371    i.NVIC_Init         misc.o
    0x08001ba0   0x08001ba0   0x00000014   Code   RO          372    i.NVIC_PriorityGroupConfig  misc.o
    0x08001bb4   0x08001bb4   0x0000000c   Code   RO         1876    i.PWR_BackupAccessCmd  stm32f10x_pwr.o
    0x08001bc0   0x08001bc0   0x00000002   Code   RO          133    i.PendSV_Handler    stm32f10x_it.o
    0x08001bc2   0x08001bc2   0x00000002   PAD
    0x08001bc4   0x08001bc4   0x00000020   Code   RO         1937    i.RCC_AHBPeriphClockCmd  stm32f10x_rcc.o
    0x08001be4   0x08001be4   0x00000020   Code   RO         1938    i.RCC_APB1PeriphClockCmd  stm32f10x_rcc.o
    0x08001c04   0x08001c04   0x00000020   Code   RO         1940    i.RCC_APB2PeriphClockCmd  stm32f10x_rcc.o
    0x08001c24   0x08001c24   0x0000000c   Code   RO         1943    i.RCC_BackupResetCmd  stm32f10x_rcc.o
    0x08001c30   0x08001c30   0x0000003c   Code   RO         1949    i.RCC_GetFlagStatus  stm32f10x_rcc.o
    0x08001c6c   0x08001c6c   0x00000034   Code   RO         1956    i.RCC_LSEConfig     stm32f10x_rcc.o
    0x08001ca0   0x08001ca0   0x0000000c   Code   RO         1963    i.RCC_RTCCLKCmd     stm32f10x_rcc.o
    0x08001cac   0x08001cac   0x00000010   Code   RO         1964    i.RCC_RTCCLKConfig  stm32f10x_rcc.o
    0x08001cbc   0x08001cbc   0x00000010   Code   RO         2137    i.RTC_ClearITPendingBit  stm32f10x_rtc.o
    0x08001ccc   0x08001ccc   0x00000014   Code   RO         2138    i.RTC_EnterConfigMode  stm32f10x_rtc.o
    0x08001ce0   0x08001ce0   0x00000014   Code   RO         2139    i.RTC_ExitConfigMode  stm32f10x_rtc.o
    0x08001cf4   0x08001cf4   0x000000f0   Code   RO         4044    i.RTC_Get           rtc.o
    0x08001de4   0x08001de4   0x00000014   Code   RO         2140    i.RTC_GetCounter    stm32f10x_rtc.o
    0x08001df8   0x08001df8   0x00000024   Code   RO         2143    i.RTC_GetITStatus   stm32f10x_rtc.o
    0x08001e1c   0x08001e1c   0x000000e4   Code   RO         4045    i.RTC_IRQHandler    rtc.o
    0x08001f00   0x08001f00   0x00000020   Code   RO         2144    i.RTC_ITConfig      stm32f10x_rtc.o
    0x08001f20   0x08001f20   0x00000180   Code   RO         4046    i.RTC_Init          rtc.o
    0x080020a0   0x080020a0   0x00000020   Code   RO         4047    i.RTC_NVIC_Config   rtc.o
    0x080020c0   0x080020c0   0x000000c8   Code   RO         4048    i.RTC_Set           rtc.o
    0x08002188   0x08002188   0x0000001c   Code   RO         2146    i.RTC_SetCounter    stm32f10x_rtc.o
    0x080021a4   0x080021a4   0x00000020   Code   RO         2147    i.RTC_SetPrescaler  stm32f10x_rtc.o
    0x080021c4   0x080021c4   0x00000014   Code   RO         2148    i.RTC_WaitForLastTask  stm32f10x_rtc.o
    0x080021d8   0x080021d8   0x00000024   Code   RO         2149    i.RTC_WaitForSynchro  stm32f10x_rtc.o
    0x080021fc   0x080021fc   0x00000002   Code   RO          134    i.SVC_Handler       stm32f10x_it.o
    0x080021fe   0x080021fe   0x00000002   PAD
    0x08002200   0x08002200   0x00000024   Code   RO         3959    i.Send_Data         uart.o
    0x08002224   0x08002224   0x000000a0   Code   RO         3960    i.Send_Num          uart.o
    0x080022c4   0x080022c4   0x00000008   Code   RO          191    i.SetSysClock       system_stm32f10x.o
    0x080022cc   0x080022cc   0x000000e0   Code   RO          192    i.SetSysClockTo72   system_stm32f10x.o
    0x080023ac   0x080023ac   0x00000028   Code   RO          375    i.SysTick_CLKSourceConfig  misc.o
    0x080023d4   0x080023d4   0x00000002   Code   RO          135    i.SysTick_Handler   stm32f10x_it.o
    0x080023d6   0x080023d6   0x00000002   PAD
    0x080023d8   0x080023d8   0x00000060   Code   RO          194    i.SystemInit        system_stm32f10x.o
    0x08002438   0x08002438   0x000000c0   Code   RO         3870    i.TIM3_IRQHandler   timer.o
    0x080024f8   0x080024f8   0x00000044   Code   RO         3875    i.TIM5_IRQHandler   timer.o
    0x0800253c   0x0800253c   0x00000006   Code   RO         2567    i.TIM_ClearITPendingBit  stm32f10x_tim.o
    0x08002542   0x08002542   0x00000006   Code   RO         2587    i.TIM_GetCapture1   stm32f10x_tim.o
    0x08002548   0x08002548   0x00000012   Code   RO         2592    i.TIM_GetFlagStatus  stm32f10x_tim.o
    0x0800255a   0x0800255a   0x00000022   Code   RO         2593    i.TIM_GetITStatus   stm32f10x_tim.o
    0x0800257c   0x0800257c   0x00000012   Code   RO         2603    i.TIM_OC1PolarityConfig  stm32f10x_tim.o
    0x0800258e   0x0800258e   0x00000004   Code   RO         2637    i.TIM_SetCounter    stm32f10x_tim.o
    0x08002592   0x08002592   0x00000002   Code   RO         3965    i.UART4_IRQHandler  uart.o
    0x08002594   0x08002594   0x00000002   Code   RO         3967    i.UART5_IRQHandler  uart.o
    0x08002596   0x08002596   0x00000002   Code   RO         3969    i.USART1_IRQHandler  uart.o
    0x08002598   0x08002598   0x00000002   Code   RO         3970    i.USART2_IRQHandler  uart.o
    0x0800259a   0x0800259a   0x00000002   Code   RO         3971    i.USART3_IRQHandler  uart.o
    0x0800259c   0x0800259c   0x0000001a   Code   RO         3111    i.USART_GetFlagStatus  stm32f10x_usart.o
    0x080025b6   0x080025b6   0x00000008   Code   RO         3125    i.USART_SendData    stm32f10x_usart.o
    0x080025be   0x080025be   0x00000004   Code   RO          136    i.UsageFault_Handler  stm32f10x_it.o
    0x080025c2   0x080025c2   0x00000028   Code   RO         4192    i.__ARM_fpclassify  m_ws.l(fpclassify.o)
    0x080025ea   0x080025ea   0x000000aa   Code   RO         4194    i.__kernel_poly     m_ws.l(poly.o)
    0x08002694   0x08002694   0x00000010   Code   RO         4178    i.__mathlib_dbl_divzero  m_ws.l(dunder.o)
    0x080026a4   0x080026a4   0x00000004   Code   RO         4180    i.__mathlib_dbl_infnan2  m_ws.l(dunder.o)
    0x080026a8   0x080026a8   0x0000000c   Code   RO         4181    i.__mathlib_dbl_invalid  m_ws.l(dunder.o)
    0x080026b4   0x080026b4   0x0000000e   Code   RO         4182    i.__mathlib_dbl_overflow  m_ws.l(dunder.o)
    0x080026c2   0x080026c2   0x00000002   PAD
    0x080026c4   0x080026c4   0x00000010   Code   RO         4184    i.__mathlib_dbl_underflow  m_ws.l(dunder.o)
    0x080026d4   0x080026d4   0x00000044   Code   RO          225    i.delay_init        delay.o
    0x08002718   0x08002718   0x0000004c   Code   RO          226    i.delay_ms          delay.o
    0x08002764   0x08002764   0x0000004c   Code   RO          227    i.delay_us          delay.o
    0x080027b0   0x080027b0   0x00000080   Code   RO         3338    i.g2048_Creat_And_Lcd_Refresh  2048.o
    0x08002830   0x08002830   0x00000548   Code   RO         3340    i.g2048_Game        2048.o
    0x08002d78   0x08002d78   0x0000031c   Code   RO         3341    i.g2048_Get_Direction  2048.o
    0x08003094   0x08003094   0x00000068   Code   RO         3342    i.g2048_Get_Empty_Point  2048.o
    0x080030fc   0x080030fc   0x000000e0   Code   RO         3343    i.g2048_Get_Monotony_Point  2048.o
    0x080031dc   0x080031dc   0x000004bc   Code   RO         3344    i.g2048_Get_Point   2048.o
    0x08003698   0x08003698   0x0000013c   Code   RO         3345    i.g2048_Init        2048.o
    0x080037d4   0x080037d4   0x000005dc   Code   RO         3346    i.g2048_Lcd_Refresh  2048.o
    0x08003db0   0x08003db0   0x00000084   Code   RO         3347    i.g2048_Only_Get_Point  2048.o
    0x08003e34   0x08003e34   0x000003d4   Code   RO         3348    i.g2048_Point_Game  2048.o
    0x08004208   0x08004208   0x000001a2   Code   RO         3349    i.g2048_Point_Refresh  2048.o
    0x080043aa   0x080043aa   0x00000002   PAD
    0x080043ac   0x080043ac   0x0000019c   Code   RO         3350    i.g2048_Refresh     2048.o
    0x08004548   0x08004548   0x0000011c   Code   RO         3723    i.g2048_ShowChar    lcd.o
    0x08004664   0x08004664   0x00000090   Code   RO            1    i.main              main.o
    0x080046f4   0x080046f4   0x000009d8   Code   RO         4151    i.pow               m_ws.l(pow.o)
    0x080050cc   0x080050cc   0x0000004c   Code   RO         4198    i.sqrt              m_ws.l(sqrt.o)
    0x08005118   0x08005118   0x00000062   Code   RO         4102    x$fpl$d2f           fz_ws.l(d2f.o)
    0x0800517a   0x0800517a   0x00000002   PAD
    0x0800517c   0x0800517c   0x00000150   Code   RO         4104    x$fpl$dadd          fz_ws.l(daddsub_clz.o)
    0x080052cc   0x080052cc   0x00000010   Code   RO         4225    x$fpl$dcheck1       fz_ws.l(dcheck1.o)
    0x080052dc   0x080052dc   0x00000018   Code   RO         4244    x$fpl$dcmpinf       fz_ws.l(dcmpi.o)
    0x080052f4   0x080052f4   0x000002b0   Code   RO         4111    x$fpl$ddiv          fz_ws.l(ddiv.o)
    0x080055a4   0x080055a4   0x0000005a   Code   RO         4114    x$fpl$dfixu         fz_ws.l(dfixu.o)
    0x080055fe   0x080055fe   0x0000002e   Code   RO         4119    x$fpl$dflt          fz_ws.l(dflt_clz.o)
    0x0800562c   0x0800562c   0x00000026   Code   RO         4118    x$fpl$dfltu         fz_ws.l(dflt_clz.o)
    0x08005652   0x08005652   0x00000002   PAD
    0x08005654   0x08005654   0x00000078   Code   RO         4227    x$fpl$dleqf         fz_ws.l(dleqf.o)
    0x080056cc   0x080056cc   0x00000154   Code   RO         4124    x$fpl$dmul          fz_ws.l(dmul.o)
    0x08005820   0x08005820   0x0000009c   Code   RO         4163    x$fpl$dnaninf       fz_ws.l(dnaninf.o)
    0x080058bc   0x080058bc   0x0000000c   Code   RO         4165    x$fpl$dretinf       fz_ws.l(dretinf.o)
    0x080058c8   0x080058c8   0x0000006c   Code   RO         4167    x$fpl$drleqf        fz_ws.l(drleqf.o)
    0x08005934   0x08005934   0x00000016   Code   RO         4105    x$fpl$drsb          fz_ws.l(daddsub_clz.o)
    0x0800594a   0x0800594a   0x00000002   PAD
    0x0800594c   0x0800594c   0x000001cc   Code   RO         4229    x$fpl$dsqrt         fz_ws.l(dsqrt_noumaal.o)
    0x08005b18   0x08005b18   0x000001d4   Code   RO         4106    x$fpl$dsub          fz_ws.l(daddsub_clz.o)
    0x08005cec   0x08005cec   0x00000056   Code   RO         4126    x$fpl$f2d           fz_ws.l(f2d.o)
    0x08005d42   0x08005d42   0x00000002   PAD
    0x08005d44   0x08005d44   0x000000c4   Code   RO         4128    x$fpl$fadd          fz_ws.l(faddsub_clz.o)
    0x08005e08   0x08005e08   0x00000018   Code   RO         4169    x$fpl$fcmpinf       fz_ws.l(fcmpi.o)
    0x08005e20   0x08005e20   0x00000030   Code   RO         4139    x$fpl$fflt          fz_ws.l(fflt_clz.o)
    0x08005e50   0x08005e50   0x00000026   Code   RO         4138    x$fpl$ffltu         fz_ws.l(fflt_clz.o)
    0x08005e76   0x08005e76   0x00000002   PAD
    0x08005e78   0x08005e78   0x00000068   Code   RO         4144    x$fpl$fleqf         fz_ws.l(fleqf.o)
    0x08005ee0   0x08005ee0   0x00000102   Code   RO         4146    x$fpl$fmul          fz_ws.l(fmul.o)
    0x08005fe2   0x08005fe2   0x0000008c   Code   RO         4171    x$fpl$fnaninf       fz_ws.l(fnaninf.o)
    0x0800606e   0x0800606e   0x0000000a   Code   RO         4173    x$fpl$fretinf       fz_ws.l(fretinf.o)
    0x08006078   0x08006078   0x00000062   Code   RO         4148    x$fpl$frleqf        fz_ws.l(frleqf.o)
    0x080060da   0x080060da   0x00000002   PAD
    0x080060dc   0x080060dc   0x000000ea   Code   RO         4130    x$fpl$fsub          fz_ws.l(faddsub_clz.o)
    0x080061c6   0x080061c6   0x00000064   Code   RO         4246    x$fpl$retnan        fz_ws.l(retnan.o)
    0x0800622a   0x0800622a   0x0000005c   Code   RO         4175    x$fpl$scalbn        fz_ws.l(scalbn.o)
    0x08006286   0x08006286   0x00000030   Code   RO         4295    x$fpl$trapveneer    fz_ws.l(trapv.o)
    0x080062b6   0x080062b6   0x00000000   Code   RO         4177    x$fpl$usenofp       fz_ws.l(usenofp.o)
    0x080062b6   0x080062b6   0x000017c0   Data   RO         3725    .constdata          lcd.o
    0x08007a76   0x08007a76   0x0000000c   Data   RO         4049    .constdata          rtc.o
    0x08007a82   0x08007a82   0x00000006   PAD
    0x08007a88   0x08007a88   0x00000088   Data   RO         4152    .constdata          m_ws.l(pow.o)
    0x08007b10   0x08007b10   0x00000008   Data   RO         4196    .constdata          m_ws.l(qnan.o)
    0x08007b18   0x08007b18   0x00000020   Data   RO         4374    Region$$Table       anon$$obj.o


    Execution Region ER_RW (Exec base: 0x20000000, Load base: 0x08007b38, Size: 0x0000002c, Max: 0xffffffff, ABSOLUTE)

    Exec Addr    Load Addr    Size         Type   Attr      Idx    E Section Name        Object

    0x20000000   0x08007b38   0x00000014   Data   RW          195    .data               system_stm32f10x.o
    0x20000014   0x08007b4c   0x00000004   Data   RW          228    .data               delay.o
    0x20000018   0x08007b50   0x00000004   Data   RW         3726    .data               lcd.o
    0x2000001c   0x08007b54   0x0000000c   Data   RW         3876    .data               timer.o
    0x20000028   0x08007b60   0x00000002   Data   RW         4050    .data               rtc.o


    Execution Region ER_ZI (Exec base: 0x2000002c, Load base: 0x08007b64, Size: 0x00000784, Max: 0xffffffff, ABSOLUTE)

    Exec Addr    Load Addr    Size         Type   Attr      Idx    E Section Name        Object

    0x2000002c        -       0x0000000a   Zero   RW            2    .bss                main.o
    0x20000036        -       0x0000010a   Zero   RW         3352    .bss                2048.o
    0x20000140        -       0x0000000c   Zero   RW         3724    .bss                lcd.o
    0x2000014c        -       0x00000060   Zero   RW         4232    .bss                c_w.l(libspace.o)
    0x200001ac   0x08007b64   0x00000004   PAD
    0x200001b0        -       0x00000200   Zero   RW          365    HEAP                startup_stm32f10x_hd.o
    0x200003b0        -       0x00000400   Zero   RW          364    STACK               startup_stm32f10x_hd.o


==============================================================================

Image component sizes


      Code (inc. data)   RO Data    RW Data    ZI Data      Debug   Object Name

      7574        228          0          0        266      12334   2048.o
       220         26          0          4          0     206423   delay.o
        72         14          0          0          0        455   exit.o
      5526        170       6080          4         12      13404   lcd.o
       144         10          0          0         10     252507   main.o
       172         22          0          0          0       2001   misc.o
      1142         96         12          2          0       4387   rtc.o
        64         26        304          0       1536        792   startup_stm32f10x_hd.o
        72         10          0          0          0       2640   stm32f10x_bkp.o
        12          6          0          0          0        509   stm32f10x_exti.o
       282          6          0          0          0       1773   stm32f10x_fsmc.o
       282          0          0          0          0       2459   stm32f10x_gpio.o
        26          0          0          0          0       3586   stm32f10x_it.o
        12          6          0          0          0        498   stm32f10x_pwr.o
       248         44          0          0          0       4322   stm32f10x_rcc.o
       260         48          0          0          0       5020   stm32f10x_rtc.o
        86          0          0          0          0       3941   stm32f10x_tim.o
        34          0          0          0          0       2555   stm32f10x_usart.o
         0          0          0          0          0         32   sys.o
       328         28          0         20          0       2017   system_stm32f10x.o
       260         20          0         12          0       1496   timer.o
       206         10          0          0          0       3625   uart.o

    ----------------------------------------------------------------------
     17040        770       6434         44       1824     526776   Object Totals
         0          0         32          0          0          0   (incl. Generated)
        18          0          6          2          0          0   (incl. Padding)

    ----------------------------------------------------------------------

      Code (inc. data)   RO Data    RW Data    ZI Data      Debug   Library Member Name

         8          0          0          0          0         68   __main.o
         0          0          0          0          0          0   __rtentry.o
        12          0          0          0          0          0   __rtentry2.o
         6          0          0          0          0          0   __rtentry4.o
        52          8          0          0          0          0   __scatter.o
        26          0          0          0          0          0   __scatter_copy.o
        28          0          0          0          0          0   __scatter_zi.o
        22          0          0          0          0        100   _rserrno.o
        18          0          0          0          0         80   exit.o
         6          0          0          0          0        152   heapauxi.o
         0          0          0          0          0          0   indicate_semi.o
         2          0          0          0          0          0   libinit.o
         2          0          0          0          0          0   libinit2.o
         2          0          0          0          0          0   libshutdown.o
         2          0          0          0          0          0   libshutdown2.o
         8          4          0          0         96         68   libspace.o
         8          4          0          0          0         68   rt_errno_addr_intlibspace.o
       138          0          0          0          0         68   rt_memcpy_v6.o
       100          0          0          0          0         80   rt_memcpy_w.o
         2          0          0          0          0          0   rtexit.o
        10          0          0          0          0          0   rtexit2.o
        12          4          0          0          0         68   sys_exit.o
        74          0          0          0          0         80   sys_stackheap_outer.o
         2          0          0          0          0         68   use_no_semi.o
        98          4          0          0          0         92   d2f.o
       826         16          0          0          0        348   daddsub_clz.o
        16          4          0          0          0         68   dcheck1.o
        24          0          0          0          0         68   dcmpi.o
       688        140          0          0          0        208   ddiv.o
        90          4          0          0          0         92   dfixu.o
        84          0          0          0          0        136   dflt_clz.o
       120          4          0          0          0         92   dleqf.o
       340         12          0          0          0        104   dmul.o
       156          4          0          0          0         92   dnaninf.o
        12          0          0          0          0         68   dretinf.o
       108          0          0          0          0         80   drleqf.o
       460         56          0          0          0        120   dsqrt_noumaal.o
        86          4          0          0          0         84   f2d.o
       430          8          0          0          0        168   faddsub_clz.o
        24          0          0          0          0         68   fcmpi.o
        86          0          0          0          0        136   fflt_clz.o
       104          4          0          0          0         84   fleqf.o
       258          4          0          0          0         84   fmul.o
       140          4          0          0          0         84   fnaninf.o
        10          0          0          0          0         68   fretinf.o
        98          0          0          0          0         68   frleqf.o
       100          0          0          0          0         68   retnan.o
        92          0          0          0          0         68   scalbn.o
        48          0          0          0          0         68   trapv.o
         0          0          0          0          0          0   usenofp.o
        62         10          0          0          0        340   dunder.o
        40          0          0          0          0         68   fpclassify.o
       170          0          0          0          0         96   poly.o
      2520        190        136          0          0        324   pow.o
         0          0          8          0          0          0   qnan.o
        76          0          0          0          0         84   sqrt.o

    ----------------------------------------------------------------------
      7926        488        144          0        100       4428   Library Totals
        20          0          0          0          4          0   (incl. Padding)

    ----------------------------------------------------------------------

      Code (inc. data)   RO Data    RW Data    ZI Data      Debug   Library Name

       540         20          0          0         96        900   c_w.l
      4498        268          0          0          0       2616   fz_ws.l
      2868        200        144          0          0        912   m_ws.l

    ----------------------------------------------------------------------
      7926        488        144          0        100       4428   Library Totals

    ----------------------------------------------------------------------

==============================================================================


      Code (inc. data)   RO Data    RW Data    ZI Data      Debug   

     24966       1258       6578         44       1924     524076   Grand Totals
     24966       1258       6578         44       1924     524076   ELF Image Totals
     24966       1258       6578         44          0          0   ROM Totals

==============================================================================

    Total RO  Size (Code + RO Data)                31544 (  30.80kB)
    Total RW  Size (RW Data + ZI Data)              1968 (   1.92kB)
    Total ROM Size (Code + RO Data + RW Data)      31588 (  30.85kB)

==============================================================================

